ARM Linker, 5.03 [Build 76] [MDK-ARM Lite]

==============================================================================

Section Cross References

    main.o(i.Crash) refers to led.o(i.LED_RedToggle) for LED_RedToggle
    main.o(i.SimpleLinkGeneralEventHandler) refers to uartstdio.o(i.UARTprintf) for UARTprintf
    main.o(i.SimpleLinkHttpServerCallback) refers to uartstdio.o(i.UARTprintf) for UARTprintf
    main.o(i.SimpleLinkNetAppEventHandler) refers to uartstdio.o(i.UARTprintf) for UARTprintf
    main.o(i.SimpleLinkNetAppEventHandler) refers to main.o(.data) for .data
    main.o(i.SimpleLinkSockEventHandler) refers to uartstdio.o(i.UARTprintf) for UARTprintf
    main.o(i.SimpleLinkSockEventHandler) refers to main.o(.constdata) for .constdata
    main.o(i.SimpleLinkWlanEventHandler) refers to uartstdio.o(i.UARTprintf) for UARTprintf
    main.o(i.SimpleLinkWlanEventHandler) refers to main.o(.data) for .data
    main.o(i.UART_Init) refers to sysctl.o(i.SysCtlPeripheralEnable) for SysCtlPeripheralEnable
    main.o(i.UART_Init) refers to gpio.o(i.GPIOPinConfigure) for GPIOPinConfigure
    main.o(i.UART_Init) refers to gpio.o(i.GPIOPinTypeUART) for GPIOPinTypeUART
    main.o(i.UART_Init) refers to uartstdio.o(i.UARTStdioConfig) for UARTStdioConfig
    main.o(i.configureSimpleLinkToDefaultState) refers to memseta.o(.text) for __aeabi_memclr4
    main.o(i.configureSimpleLinkToDefaultState) refers to device.o(i.sl_Start) for sl_Start
    main.o(i.configureSimpleLinkToDefaultState) refers to wlan.o(i.sl_WlanSetMode) for sl_WlanSetMode
    main.o(i.configureSimpleLinkToDefaultState) refers to device.o(i.sl_Stop) for sl_Stop
    main.o(i.configureSimpleLinkToDefaultState) refers to device.o(i.sl_DevGet) for sl_DevGet
    main.o(i.configureSimpleLinkToDefaultState) refers to wlan.o(i.sl_WlanPolicySet) for sl_WlanPolicySet
    main.o(i.configureSimpleLinkToDefaultState) refers to wlan.o(i.sl_WlanProfileDel) for sl_WlanProfileDel
    main.o(i.configureSimpleLinkToDefaultState) refers to wlan.o(i.sl_WlanDisconnect) for sl_WlanDisconnect
    main.o(i.configureSimpleLinkToDefaultState) refers to netcfg.o(i.sl_NetCfgSet) for sl_NetCfgSet
    main.o(i.configureSimpleLinkToDefaultState) refers to wlan.o(i.sl_WlanSet) for sl_WlanSet
    main.o(i.configureSimpleLinkToDefaultState) refers to netapp.o(i.sl_NetAppMDNSUnRegisterService) for sl_NetAppMDNSUnRegisterService
    main.o(i.configureSimpleLinkToDefaultState) refers to main.o(.data) for .data
    main.o(i.configureSimpleLinkToDefaultState) refers to main.o(.bss) for .bss
    main.o(i.main) refers to board.o(i.initClk) for initClk
    main.o(i.main) refers to systickints.o(i.SysTick_Init) for SysTick_Init
    main.o(i.main) refers to main.o(i.UART_Init) for UART_Init
    main.o(i.main) refers to led.o(i.LED_Init) for LED_Init
    main.o(i.main) refers to st7735.o(i.ST7735_InitR) for ST7735_InitR
    main.o(i.main) refers to st7735.o(i.ST7735_FillScreen) for ST7735_FillScreen
    main.o(i.main) refers to adcswtrigger.o(i.ADC0_InitSWTriggerSeq3_Ch9) for ADC0_InitSWTriggerSeq3_Ch9
    main.o(i.main) refers to uartstdio.o(i.UARTprintf) for UARTprintf
    main.o(i.main) refers to st7735.o(i.ST7735_OutString) for ST7735_OutString
    main.o(i.main) refers to main.o(i.configureSimpleLinkToDefaultState) for configureSimpleLinkToDefaultState
    main.o(i.main) refers to device.o(i.sl_Start) for sl_Start
    main.o(i.main) refers to main.o(i.Crash) for Crash
    main.o(i.main) refers to wlan.o(i.sl_WlanConnect) for sl_WlanConnect
    main.o(i.main) refers to nonos.o(i._SlNonOsMainLoopTask) for _SlNonOsMainLoopTask
    main.o(i.main) refers to strcpy.o(.text) for strcpy
    main.o(i.main) refers to strlen.o(.text) for strlen
    main.o(i.main) refers to netapp.o(i.sl_NetAppDnsGetHostByName) for sl_NetAppDnsGetHostByName
    main.o(i.main) refers to socket.o(i.sl_Htons) for sl_Htons
    main.o(i.main) refers to socket.o(i.sl_Htonl) for sl_Htonl
    main.o(i.main) refers to socket.o(i.sl_Socket) for sl_Socket
    main.o(i.main) refers to socket.o(i.sl_Connect) for sl_Connect
    main.o(i.main) refers to socket.o(i.sl_Send) for sl_Send
    main.o(i.main) refers to socket.o(i.sl_Recv) for sl_Recv
    main.o(i.main) refers to socket.o(i.sl_Close) for sl_Close
    main.o(i.main) refers to led.o(i.LED_GreenOn) for LED_GreenOn
    main.o(i.main) refers to printf3.o(i.__0sprintf$3) for __2sprintf
    main.o(i.main) refers to led.o(i.Board_Input) for Board_Input
    main.o(i.main) refers to led.o(i.LED_GreenOff) for LED_GreenOff
    main.o(i.main) refers to adcswtrigger.o(i.ADC0_InSeq3) for ADC0_InSeq3
    main.o(i.main) refers to main.o(i.Convert) for Convert
    main.o(i.main) refers to memcpya.o(.text) for __aeabi_memcpy4
    main.o(i.main) refers to strcat.o(.text) for strcat
    main.o(i.main) refers to st7735.o(i.ST7735_SetCursor) for ST7735_SetCursor
    main.o(i.main) refers to main.o(.data) for .data
    main.o(i.main) refers to main.o(.bss) for .bss
[...]
    Removing fpu.o(i.FPUStackingEnable), (20 bytes).
    Removing gpio.o(i.GPIOADCTriggerDisable), (14 bytes).
    Removing gpio.o(i.GPIOADCTriggerEnable), (14 bytes).
    Removing gpio.o(i.GPIODMATriggerDisable), (14 bytes).
    Removing gpio.o(i.GPIODMATriggerEnable), (14 bytes).
    Removing gpio.o(i.GPIODirModeGet), (34 bytes).
    Removing gpio.o(i.GPIOIntRegister), (88 bytes).
    Removing gpio.o(i.GPIOIntTypeGet), (68 bytes).
    Removing gpio.o(i.GPIOIntUnregister), (88 bytes).
    Removing gpio.o(i.GPIOPadConfigGet), (204 bytes).
    Removing gpio.o(i.GPIOPinRead), (6 bytes).
    Removing gpio.o(i.GPIOPinTypeADC), (28 bytes).
    Removing gpio.o(i.GPIOPinTypeCAN), (28 bytes).
    Removing gpio.o(i.GPIOPinTypeCIR), (28 bytes).
    Removing gpio.o(i.GPIOPinTypeComparator), (28 bytes).
    Removing gpio.o(i.GPIOPinTypeEPI), (28 bytes).
    Removing gpio.o(i.GPIOPinTypeEthernetLED), (28 bytes).
    Removing gpio.o(i.GPIOPinTypeEthernetMII), (28 bytes).
    Removing gpio.o(i.GPIOPinTypeGPIOOutputOD), (28 bytes).
    Removing gpio.o(i.GPIOPinTypeI2C), (28 bytes).
    Removing gpio.o(i.GPIOPinTypeI2CSCL), (28 bytes).
    Removing gpio.o(i.GPIOPinTypeKBColumn), (28 bytes).
    Removing gpio.o(i.GPIOPinTypeKBRow), (28 bytes).
    Removing gpio.o(i.GPIOPinTypeLCD), (28 bytes).
    Removing gpio.o(i.GPIOPinTypeLEDSeq), (28 bytes).
    Removing gpio.o(i.GPIOPinTypeLPC), (28 bytes).
    Removing gpio.o(i.GPIOPinTypePECIRx), (28 bytes).
    Removing gpio.o(i.GPIOPinTypePECITx), (28 bytes).
    Removing gpio.o(i.GPIOPinTypePWM), (28 bytes).
    Removing gpio.o(i.GPIOPinTypeQEI), (28 bytes).
    Removing gpio.o(i.GPIOPinTypeTimer), (28 bytes).
    Removing gpio.o(i.GPIOPinTypeUSBAnalog), (28 bytes).
    Removing gpio.o(i.GPIOPinTypeUSBDigital), (28 bytes).
    Removing gpio.o(i.GPIOPinTypeWakeHigh), (30 bytes).
    Removing gpio.o(i.GPIOPinTypeWakeLow), (30 bytes).
    Removing gpio.o(i.GPIOPinWakeStatus), (6 bytes).
    Removing interrupt.o(i.IntDisable), (100 bytes).
    Removing interrupt.o(i.IntIsEnabled), (96 bytes).
    Removing interrupt.o(i.IntMasterDisable), (14 bytes).
    Removing interrupt.o(i.IntPendClear), (68 bytes).
    Removing interrupt.o(i.IntPendSet), (84 bytes).
    Removing interrupt.o(i.IntPriorityGet), (28 bytes).
    Removing interrupt.o(i.IntPriorityGroupingGet), (36 bytes).
    Removing interrupt.o(i.IntPriorityGroupingSet), (28 bytes).
    Removing interrupt.o(i.IntPriorityMaskGet), (4 bytes).
    Removing interrupt.o(i.IntPriorityMaskSet), (4 bytes).
    Removing interrupt.o(i.IntPrioritySet), (40 bytes).
    Removing interrupt.o(i.IntRegister), (52 bytes).
    Removing interrupt.o(i.IntTrigger), (12 bytes).
    Removing interrupt.o(i.IntUnregister), (20 bytes).
    Removing interrupt.o(i._IntDefaultHandler), (2 bytes).
    Removing interrupt.o(vtable), (620 bytes).
    Removing ssi.o(i.SSIAdvDataPutFrameEnd), (20 bytes).
    Removing ssi.o(i.SSIAdvDataPutFrameEndNonBlocking), (26 bytes).
    Removing ssi.o(i.SSIAdvFrameHoldDisable), (10 bytes).
    Removing ssi.o(i.SSIAdvFrameHoldEnable), (10 bytes).
    Removing ssi.o(i.SSIAdvModeSet), (12 bytes).
    Removing ssi.o(i.SSIBusy), (8 bytes).
    Removing ssi.o(i.SSIClockSourceGet), (6 bytes).
    Removing ssi.o(i.SSIClockSourceSet), (6 bytes).
    Removing ssi.o(i.SSIDMADisable), (10 bytes).
    Removing ssi.o(i.SSIDMAEnable), (8 bytes).
    Removing ssi.o(i.SSIDataGet), (14 bytes).
    Removing ssi.o(i.SSIDataPut), (12 bytes).
    Removing ssi.o(i.SSIDisable), (10 bytes).
    Removing ssi.o(i.SSIIntClear), (4 bytes).
    Removing ssi.o(i.SSIIntDisable), (10 bytes).
    Removing ssi.o(i.SSIIntEnable), (8 bytes).
    Removing ssi.o(i.SSIIntRegister), (88 bytes).
    Removing ssi.o(i.SSIIntStatus), (10 bytes).
    Removing ssi.o(i.SSIIntUnregister), (88 bytes).
    Removing ssi.o(.constdata), (64 bytes).
    Removing sysctl.o(i.SysCtlAltClkConfig), (12 bytes).
    Removing sysctl.o(i.SysCtlClockFreqSet), (712 bytes).
    Removing sysctl.o(i.SysCtlClockOutConfig), (16 bytes).
    Removing sysctl.o(i.SysCtlDeepSleep), (32 bytes).
    Removing sysctl.o(i.SysCtlDeepSleepClockConfigSet), (112 bytes).
    Removing sysctl.o(i.SysCtlDeepSleepClockSet), (12 bytes).
    Removing sysctl.o(i.SysCtlDeepSleepPowerSet), (12 bytes).
    Removing sysctl.o(i.SysCtlFlashSectorSizeGet), (56 bytes).
    Removing sysctl.o(i.SysCtlFlashSizeGet), (56 bytes).
    Removing sysctl.o(i.SysCtlGPIOAHBDisable), (28 bytes).
    Removing sysctl.o(i.SysCtlGPIOAHBEnable), (24 bytes).
    Removing sysctl.o(i.SysCtlIntClear), (12 bytes).
    Removing sysctl.o(i.SysCtlIntDisable), (16 bytes).
    Removing sysctl.o(i.SysCtlIntEnable), (16 bytes).
    Removing sysctl.o(i.SysCtlIntRegister), (20 bytes).
    Removing sysctl.o(i.SysCtlIntStatus), (16 bytes).
    Removing sysctl.o(i.SysCtlIntUnregister), (18 bytes).
    Removing sysctl.o(i.SysCtlLDODeepSleepGet), (12 bytes).
    Removing sysctl.o(i.SysCtlLDODeepSleepSet), (12 bytes).
    Removing sysctl.o(i.SysCtlLDOSleepGet), (12 bytes).
    Removing sysctl.o(i.SysCtlLDOSleepSet), (12 bytes).
    Removing sysctl.o(i.SysCtlMOSCConfigSet), (12 bytes).
    Removing sysctl.o(i.SysCtlNMIClear), (16 bytes).
    Removing sysctl.o(i.SysCtlNMIStatus), (12 bytes).
    Removing sysctl.o(i.SysCtlPIOSCCalibrate), (76 bytes).
    Removing sysctl.o(i.SysCtlPWMClockGet), (24 bytes).
    Removing sysctl.o(i.SysCtlPWMClockSet), (20 bytes).
    Removing sysctl.o(i.SysCtlPeripheralClockGating), (68 bytes).
    Removing sysctl.o(i.SysCtlPeripheralDeepSleepDisable), (40 bytes).
    Removing sysctl.o(i.SysCtlPeripheralDeepSleepEnable), (40 bytes).
    Removing sysctl.o(i.SysCtlPeripheralDisable), (40 bytes).
    Removing sysctl.o(i.SysCtlPeripheralPowerOff), (40 bytes).
    Removing sysctl.o(i.SysCtlPeripheralPowerOn), (40 bytes).
    Removing sysctl.o(i.SysCtlPeripheralPresent), (44 bytes).
    Removing sysctl.o(i.SysCtlPeripheralReady), (44 bytes).
    Removing sysctl.o(i.SysCtlPeripheralReset), (60 bytes).
    Removing sysctl.o(i.SysCtlPeripheralSleepDisable), (40 bytes).
    Removing sysctl.o(i.SysCtlPeripheralSleepEnable), (40 bytes).
    Removing sysctl.o(i.SysCtlReset), (16 bytes).
    Removing sysctl.o(i.SysCtlResetBehaviorGet), (12 bytes).
    Removing sysctl.o(i.SysCtlResetBehaviorSet), (12 bytes).
    Removing sysctl.o(i.SysCtlResetCauseClear), (16 bytes).
    Removing sysctl.o(i.SysCtlResetCauseGet), (12 bytes).
    Removing sysctl.o(i.SysCtlSRAMSizeGet), (16 bytes).
    Removing sysctl.o(i.SysCtlSleep), (4 bytes).
    Removing sysctl.o(i.SysCtlSleepPowerSet), (12 bytes).
    Removing sysctl.o(i.SysCtlUSBPLLDisable), (16 bytes).
    Removing sysctl.o(i.SysCtlUSBPLLEnable), (16 bytes).
    Removing sysctl.o(i.SysCtlVoltageEventClear), (16 bytes).
    Removing sysctl.o(i.SysCtlVoltageEventConfig), (12 bytes).
    Removing sysctl.o(i.SysCtlVoltageEventStatus), (12 bytes).
    Removing uart.o(i.UART9BitAddrSend), (38 bytes).
    Removing uart.o(i.UART9BitAddrSet), (10 bytes).
    Removing uart.o(i.UART9BitDisable), (14 bytes).
    Removing uart.o(i.UART9BitEnable), (14 bytes).
    Removing uart.o(i.UARTBreakCtl), (18 bytes).
    Removing uart.o(i.UARTBusy), (8 bytes).
    Removing uart.o(i.UARTCharGet), (12 bytes).
    Removing uart.o(i.UARTCharGetNonBlocking), (16 bytes).
    Removing uart.o(i.UARTCharPut), (12 bytes).
    Removing uart.o(i.UARTCharPutNonBlocking), (16 bytes).
    Removing uart.o(i.UARTCharsAvail), (10 bytes).
    Removing uart.o(i.UARTClockSourceGet), (6 bytes).
    Removing uart.o(i.UARTClockSourceSet), (6 bytes).
    Removing uart.o(i.UARTConfigGetExpClk), (46 bytes).
    Removing uart.o(i.UARTConfigSetExpClk), (110 bytes).
    Removing uart.o(i.UARTDMADisable), (10 bytes).
    Removing uart.o(i.UARTDMAEnable), (8 bytes).
    Removing uart.o(i.UARTDisable), (30 bytes).
    Removing uart.o(i.UARTDisableSIR), (10 bytes).
    Removing uart.o(i.UARTEnable), (20 bytes).
    Removing uart.o(i.UARTEnableSIR), (18 bytes).
    Removing uart.o(i.UARTFIFODisable), (10 bytes).
    Removing uart.o(i.UARTFIFOEnable), (10 bytes).
    Removing uart.o(i.UARTFIFOLevelGet), (16 bytes).
    Removing uart.o(i.UARTFIFOLevelSet), (6 bytes).
    Removing uart.o(i.UARTFlowControlGet), (8 bytes).
    Removing uart.o(i.UARTFlowControlSet), (12 bytes).
    Removing uart.o(i.UARTIntClear), (4 bytes).
    Removing uart.o(i.UARTIntDisable), (10 bytes).
    Removing uart.o(i.UARTIntEnable), (8 bytes).
    Removing uart.o(i.UARTIntRegister), (88 bytes).
    Removing uart.o(i.UARTIntStatus), (10 bytes).
    Removing uart.o(i.UARTIntUnregister), (88 bytes).
    Removing uart.o(i.UARTModemControlClear), (14 bytes).
    Removing uart.o(i.UARTModemControlGet), (8 bytes).
    Removing uart.o(i.UARTModemControlSet), (12 bytes).
    Removing uart.o(i.UARTModemStatusGet), (10 bytes).
    Removing uart.o(i.UARTParityModeGet), (8 bytes).
    Removing uart.o(i.UARTParityModeSet), (12 bytes).
    Removing uart.o(i.UARTRxErrorClear), (6 bytes).
    Removing uart.o(i.UARTRxErrorGet), (8 bytes).
    Removing uart.o(i.UARTSmartCardDisable), (10 bytes).
    Removing uart.o(i.UARTSmartCardEnable), (22 bytes).
    Removing uart.o(i.UARTSpaceAvail), (10 bytes).
    Removing uart.o(i.UARTTxIntModeGet), (8 bytes).
    Removing uart.o(i.UARTTxIntModeSet), (12 bytes).
    Removing uart.o(.constdata), (128 bytes).
    Removing dadd.o(.text), (334 bytes).
    Removing dmul.o(.text), (228 bytes).
    Removing ddiv.o(.text), (222 bytes).
    Removing dfixul.o(.text), (48 bytes).
    Removing cdrcmple.o(.text), (40 bytes).
    Removing depilogue.o(.text), (190 bytes).

323 unused section(s) (total 18329 bytes) removed from the image.

==============================================================================

Image Symbol Table

    Local Symbols

    Symbol Name                              Value     Ov Type        Size  Object(Section)

    RESET                                    0x00000000   Section      648  startup_rvmdk.o(RESET)
    ../clib/microlib/division.c              0x00000000   Number         0  uldiv.o ABSOLUTE
    ../clib/microlib/division.c              0x00000000   Number         0  uidiv.o ABSOLUTE
    ../clib/microlib/init/entry.s            0x00000000   Number         0  entry5.o ABSOLUTE
    ../clib/microlib/init/entry.s            0x00000000   Number         0  entry7b.o ABSOLUTE
    ../clib/microlib/init/entry.s            0x00000000   Number         0  entry7a.o ABSOLUTE
    ../clib/microlib/init/entry.s            0x00000000   Number         0  entry8a.o ABSOLUTE
    ../clib/microlib/init/entry.s            0x00000000   Number         0  entry8b.o ABSOLUTE
    ../clib/microlib/init/entry.s            0x00000000   Number         0  entry11b.o ABSOLUTE
    ../clib/microlib/init/entry.s            0x00000000   Number         0  entry9a.o ABSOLUTE
    ../clib/microlib/init/entry.s            0x00000000   Number         0  entry9b.o ABSOLUTE
    ../clib/microlib/init/entry.s            0x00000000   Number         0  entry.o ABSOLUTE
    ../clib/microlib/init/entry.s            0x00000000   Number         0  entry2.o ABSOLUTE
    ../clib/microlib/init/entry.s            0x00000000   Number         0  entry10a.o ABSOLUTE
    ../clib/microlib/init/entry.s            0x00000000   Number         0  entry11a.o ABSOLUTE
    ../clib/microlib/init/entry.s            0x00000000   Number         0  entry10b.o ABSOLUTE
    ../clib/microlib/longlong.c              0x00000000   Number         0  llshl.o ABSOLUTE
    ../clib/microlib/longlong.c              0x00000000   Number         0  llushr.o ABSOLUTE
    ../clib/microlib/longlong.c              0x00000000   Number         0  llsshr.o ABSOLUTE
    ../clib/microlib/printf/printf.c         0x00000000   Number         0  printf6.o ABSOLUTE
    ../clib/microlib/printf/printf.c         0x00000000   Number         0  printf7.o ABSOLUTE
    ../clib/microlib/printf/printf.c         0x00000000   Number         0  printf0.o ABSOLUTE
    ../clib/microlib/printf/printf.c         0x00000000   Number         0  printfb.o ABSOLUTE
    ../clib/microlib/printf/printf.c         0x00000000   Number         0  printf4.o ABSOLUTE
    ../clib/microlib/printf/printf.c         0x00000000   Number         0  printf8.o ABSOLUTE
    ../clib/microlib/printf/printf.c         0x00000000   Number         0  printf5.o ABSOLUTE
    ../clib/microlib/printf/printf.c         0x00000000   Number         0  printfa.o ABSOLUTE
    ../clib/microlib/printf/printf.c         0x00000000   Number         0  printf1.o ABSOLUTE
    ../clib/microlib/printf/printf.c         0x00000000   Number         0  printf3.o ABSOLUTE
    ../clib/microlib/printf/printf.c         0x00000000   Number         0  printf2.o ABSOLUTE
    ../clib/microlib/printf/stubs.s          0x00000000   Number         0  stubs.o ABSOLUTE
    ../clib/microlib/stdio/streams.c         0x00000000   Number         0  stdout.o ABSOLUTE
    ../clib/microlib/string/memcpy.c         0x00000000   Number         0  memcpyb.o ABSOLUTE
    ../clib/microlib/string/memcpy.c         0x00000000   Number         0  memcpya.o ABSOLUTE
    ../clib/microlib/string/memset.c         0x00000000   Number         0  memseta.o ABSOLUTE
    ../clib/microlib/string/strcat.c         0x00000000   Number         0  strcat.o ABSOLUTE
    ../clib/microlib/string/strcpy.c         0x00000000   Number         0  strcpy.o ABSOLUTE
    ../clib/microlib/string/strlen.c         0x00000000   Number         0  strlen.o ABSOLUTE
    ../clib/microlib/stubs.s                 0x00000000   Number         0  iusefp.o ABSOLUTE
    ../fplib/microlib/fpadd.c                0x00000000   Number         0  dadd.o ABSOLUTE
    ../fplib/microlib/fpdiv.c                0x00000000   Number         0  ddiv.o ABSOLUTE
    ../fplib/microlib/fpepilogue.c           0x00000000   Number         0  depilogue.o ABSOLUTE
    ../fplib/microlib/fpfix.c                0x00000000   Number         0  dfixul.o ABSOLUTE
    ../fplib/microlib/fpmul.c                0x00000000   Number         0  dmul.o ABSOLUTE
    ..\cc3100\platform\ek-tm4c123gxl\board.c 0x00000000   Number         0  board.o ABSOLUTE
    ..\cc3100\platform\ek-tm4c123gxl\spi.c   0x00000000   Number         0  spi.o ABSOLUTE
    ..\cc3100\platform\ek-tm4c123gxl\uart.c  0x00000000   Number         0  uart.o ABSOLUTE
    ..\cc3100\simplelink\source\device.c     0x00000000   Number         0  device.o ABSOLUTE
    ..\cc3100\simplelink\source\driver.c     0x00000000   Number         0  driver.o ABSOLUTE
    ..\cc3100\simplelink\source\flowcont.c   0x00000000   Number         0  flowcont.o ABSOLUTE
    ..\cc3100\simplelink\source\fs.c         0x00000000   Number         0  fs.o ABSOLUTE
    ..\cc3100\simplelink\source\netapp.c     0x00000000   Number         0  netapp.o ABSOLUTE
    ..\cc3100\simplelink\source\netcfg.c     0x00000000   Number         0  netcfg.o ABSOLUTE
    ..\cc3100\simplelink\source\nonos.c      0x00000000   Number         0  nonos.o ABSOLUTE
    ..\cc3100\simplelink\source\socket.c     0x00000000   Number         0  socket.o ABSOLUTE
    ..\cc3100\simplelink\source\spawn.c      0x00000000   Number         0  spawn.o ABSOLUTE
    ..\cc3100\simplelink\source\wlan.c       0x00000000   Number         0  wlan.o ABSOLUTE
    ..\utils\uartstdio.c                     0x00000000   Number         0  uartstdio.o ABSOLUTE
    ..\utils\ustdlib.c                       0x00000000   Number         0  ustdlib.o ABSOLUTE
    ADCSWTrigger.c                           0x00000000   Number         0  adcswtrigger.o ABSOLUTE
    LCD.s                                    0x00000000   Number         0  lcd.o ABSOLUTE
    LED.c                                    0x00000000   Number         0  led.o ABSOLUTE
    Nokia5110.c                              0x00000000   Number         0  nokia5110.o ABSOLUTE
    Print.s                                  0x00000000   Number         0  print.o ABSOLUTE
    ST7735.c                                 0x00000000   Number         0  st7735.o ABSOLUTE
    SysTickInts.c                            0x00000000   Number         0  systickints.o ABSOLUTE
    cdrcmple.s                               0x00000000   Number         0  cdrcmple.o ABSOLUTE
    cpu.c                                    0x00000000   Number         0  cpu.o ABSOLUTE
    cpu.c                                    0x00000000   Number         0  cpu.o ABSOLUTE
    dc.s                                     0x00000000   Number         0  dc.o ABSOLUTE
    fpu.c                                    0x00000000   Number         0  fpu.o ABSOLUTE
    gpio.c                                   0x00000000   Number         0  gpio.o ABSOLUTE
    handlers.s                               0x00000000   Number         0  handlers.o ABSOLUTE
    init.s                                   0x00000000   Number         0  init.o ABSOLUTE
    interrupt.c                              0x00000000   Number         0  interrupt.o ABSOLUTE
    main.c                                   0x00000000   Number         0  main.o ABSOLUTE
    ssi.c                                    0x00000000   Number         0  ssi.o ABSOLUTE
    startup_rvmdk.S                          0x00000000   Number         0  startup_rvmdk.o ABSOLUTE
    sysctl.c                                 0x00000000   Number         0  sysctl.o ABSOLUTE
    sysctl.c                                 0x00000000   Number         0  sysctl.o ABSOLUTE
    uart.c                                   0x00000000   Number         0  uart.o ABSOLUTE
    $v0                                      0x0000026c   Number         0  startup_rvmdk.o(RESET)
    NmiSR                                    0x00000281   Thumb Code     0  startup_rvmdk.o(RESET)
    FaultISR                                 0x00000283   Thumb Code     0  startup_rvmdk.o(RESET)
    IntDefaultHandler                        0x00000285   Thumb Code     0  startup_rvmdk.o(RESET)
    .ARM.Collect$$$$00000000                 0x00000288   Section        0  entry.o(.ARM.Collect$$$$00000000)
    .ARM.Collect$$$$00000001                 0x00000288   Section        4  entry2.o(.ARM.Collect$$$$00000001)
    .ARM.Collect$$$$00000004                 0x0000028c   Section        4  entry5.o(.ARM.Collect$$$$00000004)
    .ARM.Collect$$$$00000008                 0x00000290   Section        0  entry7b.o(.ARM.Collect$$$$00000008)
    .ARM.Collect$$$$0000000A                 0x00000290   Section        0  entry8b.o(.ARM.Collect$$$$0000000A)
    .ARM.Collect$$$$0000000B                 0x00000290   Section        8  entry9a.o(.ARM.Collect$$$$0000000B)
    .ARM.Collect$$$$0000000D                 0x00000298   Section        0  entry10a.o(.ARM.Collect$$$$0000000D)
    .ARM.Collect$$$$0000000F                 0x00000298   Section        0  entry11a.o(.ARM.Collect$$$$0000000F)
    .ARM.Collect$$$$00002712                 0x00000298   Section        4  entry2.o(.ARM.Collect$$$$00002712)
    __lit__00000000                          0x00000298   Data           4  entry2.o(.ARM.Collect$$$$00002712)
    .emb_text                                0x0000029c   Section        6  sysctl.o(.emb_text)
    $v0                                      0x0000029c   Number         0  sysctl.o(.emb_text)
    .emb_text                                0x000002a4   Section       38  cpu.o(.emb_text)
    $v0                                      0x000002a4   Number         0  cpu.o(.emb_text)
    .text                                    0x000002cc   Section       88  lcd.o(.text)
    $v0                                      0x000002cc   Number         0  lcd.o(.text)
    .text                                    0x00000324   Section        0  memcpya.o(.text)
    .text                                    0x00000348   Section        0  memseta.o(.text)
    .text                                    0x0000036c   Section        0  strcat.o(.text)
    .text                                    0x00000384   Section        0  strlen.o(.text)
    .text                                    0x00000392   Section        0  strcpy.o(.text)
    .text                                    0x000003a4   Section        0  uidiv.o(.text)
    .text                                    0x000003d0   Section       36  init.o(.text)
    i.ADC0_InSeq3                            0x000003f4   Section        0  adcswtrigger.o(i.ADC0_InSeq3)
    i.ADC0_InitSWTriggerSeq3_Ch9             0x00000410   Section        0  adcswtrigger.o(i.ADC0_InitSWTriggerSeq3_Ch9)
    i.Board_Input                            0x000004e0   Section        0  led.o(i.Board_Input)
    i.CC3100_InterruptDisable                0x000004f4   Section        0  board.o(i.CC3100_InterruptDisable)
    i.CC3100_InterruptEnable                 0x00000500   Section        0  board.o(i.CC3100_InterruptEnable)
    i.CC3100_disable                         0x0000050c   Section        0  board.o(i.CC3100_disable)
    i.CC3100_enable                          0x0000051c   Section        0  board.o(i.CC3100_enable)
    i.Convert                                0x0000052c   Section        0  main.o(i.Convert)
    i.CopyPingResultsToReport                0x00000542   Section        0  netapp.o(i.CopyPingResultsToReport)
    i.Crash                                  0x0000055c   Section        0  main.o(i.Crash)
    i.Delay1ms                               0x0000056e   Section        0  st7735.o(i.Delay1ms)
    i.FPUEnable                              0x00000588   Section        0  fpu.o(i.FPUEnable)
    i.FPULazyStackingEnable                  0x00000598   Section        0  fpu.o(i.FPULazyStackingEnable)
    i.GPIOB_intHandler                       0x000005a8   Section        0  board.o(i.GPIOB_intHandler)
    i.GPIODirModeSet                         0x000005dc   Section        0  gpio.o(i.GPIODirModeSet)
    i.GPIOIntClear                           0x00000604   Section        0  gpio.o(i.GPIOIntClear)
    i.GPIOIntDisable                         0x0000060a   Section        0  gpio.o(i.GPIOIntDisable)
    i.GPIOIntEnable                          0x00000618   Section        0  gpio.o(i.GPIOIntEnable)
    i.GPIOIntStatus                          0x00000626   Section        0  gpio.o(i.GPIOIntStatus)
    i.GPIOIntTypeSet                         0x00000634   Section        0  gpio.o(i.GPIOIntTypeSet)
    i.GPIOPadConfigSet                       0x00000684   Section        0  gpio.o(i.GPIOPadConfigSet)
    i.GPIOPinConfigure                       0x000007c0   Section        0  gpio.o(i.GPIOPinConfigure)
    i.GPIOPinTypeGPIOInput                   0x00000808   Section        0  gpio.o(i.GPIOPinTypeGPIOInput)
    i.GPIOPinTypeGPIOOutput                  0x00000824   Section        0  gpio.o(i.GPIOPinTypeGPIOOutput)
    i.GPIOPinTypeSSI                         0x00000840   Section        0  gpio.o(i.GPIOPinTypeSSI)
    i.GPIOPinTypeUART                        0x0000085c   Section        0  gpio.o(i.GPIOPinTypeUART)
    i.GPIOPinWrite                           0x00000878   Section        0  gpio.o(i.GPIOPinWrite)
    i.GetStartResponseConvert                0x0000087e   Section        0  device.o(i.GetStartResponseConvert)
    i.IntEnable                              0x000008c4   Section        0  interrupt.o(i.IntEnable)
    i.IntMasterEnable                        0x00000928   Section        0  interrupt.o(i.IntMasterEnable)
    i.IsBufferEmpty                          0x00000936   Section        0  uartstdio.o(i.IsBufferEmpty)
    IsBufferEmpty                            0x00000937   Thumb Code    16  uartstdio.o(i.IsBufferEmpty)
    i.IsBufferFull                           0x00000946   Section        0  uartstdio.o(i.IsBufferFull)
    IsBufferFull                             0x00000947   Thumb Code    26  uartstdio.o(i.IsBufferFull)
    i.LED_GreenOff                           0x00000960   Section        0  led.o(i.LED_GreenOff)
    i.LED_GreenOn                            0x0000096c   Section        0  led.o(i.LED_GreenOn)
    i.LED_Init                               0x00000978   Section        0  led.o(i.LED_Init)
    i.LED_RedToggle                          0x000009dc   Section        0  led.o(i.LED_RedToggle)
    i.SSIConfigSetExpClk                     0x000009ec   Section        0  ssi.o(i.SSIConfigSetExpClk)
    i.SSIDataGetNonBlocking                  0x00000a36   Section        0  ssi.o(i.SSIDataGetNonBlocking)
    i.SSIDataPutNonBlocking                  0x00000a4a   Section        0  ssi.o(i.SSIDataPutNonBlocking)
    i.SSIEnable                              0x00000a5a   Section        0  ssi.o(i.SSIEnable)
    i.ST7735_DrawCharS                       0x00000a64   Section        0  st7735.o(i.ST7735_DrawCharS)
    i.ST7735_DrawPixel                       0x00000b20   Section        0  st7735.o(i.ST7735_DrawPixel)
    i.ST7735_DrawString                      0x00000b5c   Section        0  st7735.o(i.ST7735_DrawString)
    i.ST7735_FillRect                        0x00000bb0   Section        0  st7735.o(i.ST7735_FillRect)
    i.ST7735_FillScreen                      0x00000c28   Section        0  st7735.o(i.ST7735_FillScreen)
    i.ST7735_InitR                           0x00000c44   Section        0  st7735.o(i.ST7735_InitR)
    i.ST7735_OutChar                         0x00000cac   Section        0  st7735.o(i.ST7735_OutChar)
    i.ST7735_OutString                       0x00000d50   Section        0  st7735.o(i.ST7735_OutString)
    i.ST7735_SetCursor                       0x00000d64   Section        0  st7735.o(i.ST7735_SetCursor)
    i.SimpleLinkHttpServerCallback           0x00000d78   Section        0  main.o(i.SimpleLinkHttpServerCallback)
    i.SimpleLinkNetAppEventHandler           0x00000da4   Section        0  main.o(i.SimpleLinkNetAppEventHandler)
    i.SimpleLinkWlanEventHandler             0x00000de4   Section        0  main.o(i.SimpleLinkWlanEventHandler)
    i.SysCtlClockGet                         0x00000eb4   Section        0  sysctl.o(i.SysCtlClockGet)
    i.SysCtlClockSet                         0x00001018   Section        0  sysctl.o(i.SysCtlClockSet)
    i.SysCtlPeripheralEnable                 0x00001138   Section        0  sysctl.o(i.SysCtlPeripheralEnable)
    i.SysTick_Init                           0x00001160   Section        0  systickints.o(i.SysTick_Init)
    i.UARTFlushRx                            0x00001178   Section        0  uartstdio.o(i.UARTFlushRx)
    i.UARTFlushTx                            0x000011a0   Section        0  uartstdio.o(i.UARTFlushTx)
    i.UARTPrimeTransmit                      0x000011d8   Section        0  uartstdio.o(i.UARTPrimeTransmit)
    UARTPrimeTransmit                        0x000011d9   Thumb Code   108  uartstdio.o(i.UARTPrimeTransmit)
    i.UARTStdioConfig                        0x00001250   Section        0  uartstdio.o(i.UARTStdioConfig)
    i.UARTStdioIntHandler                    0x000012e8   Section        0  uartstdio.o(i.UARTStdioIntHandler)
    i.UART_Init                              0x000013f0   Section        0  main.o(i.UART_Init)
    i.UARTprintf                             0x00001434   Section        0  uartstdio.o(i.UARTprintf)
    i.UARTvprintf                            0x00001448   Section        0  uartstdio.o(i.UARTvprintf)
    i.UARTwrite                              0x000015fc   Section        0  uartstdio.o(i.UARTwrite)
    i._SlAsyncEventGenericHandler            0x0000168c   Section        0  driver.o(i._SlAsyncEventGenericHandler)
    i._SlDrvBasicCmd                         0x00001970   Section        0  driver.o(i._SlDrvBasicCmd)
    i._SlDrvClassifyRxMsg                    0x00001998   Section        0  driver.o(i._SlDrvClassifyRxMsg)
    i._SlDrvCmdOp                            0x00001a20   Section        0  driver.o(i._SlDrvCmdOp)
    i._SlDrvCmdSend                          0x00001a74   Section        0  driver.o(i._SlDrvCmdSend)
    i._SlDrvDataReadOp                       0x00001a90   Section        0  driver.o(i._SlDrvDataReadOp)
    i._SlDrvDataWriteOp                      0x00001be0   Section        0  driver.o(i._SlDrvDataWriteOp)
    i._SlDrvDeviceEventHandler               0x00001cf4   Section        0  device.o(i._SlDrvDeviceEventHandler)
    i._SlDrvDriverCBDeinit                   0x00001d10   Section        0  driver.o(i._SlDrvDriverCBDeinit)
    i._SlDrvDriverCBInit                     0x00001d70   Section        0  driver.o(i._SlDrvDriverCBInit)
    i._SlDrvFlowContDeinit                   0x00001e00   Section        0  flowcont.o(i._SlDrvFlowContDeinit)
    i._SlDrvFlowContInit                     0x00001e2c   Section        0  flowcont.o(i._SlDrvFlowContInit)
    i._SlDrvMsgRead                          0x00001e5c   Section        0  driver.o(i._SlDrvMsgRead)
    i._SlDrvMsgReadCmdCtx                    0x000021ac   Section        0  driver.o(i._SlDrvMsgReadCmdCtx)
    i._SlDrvMsgReadSpawnCtx                  0x00002250   Section        0  driver.o(i._SlDrvMsgReadSpawnCtx)
    i._SlDrvMsgWrite                         0x000022d8   Section        0  driver.o(i._SlDrvMsgWrite)
    i._SlDrvNetAppEventHandler               0x000023c8   Section        0  netapp.o(i._SlDrvNetAppEventHandler)
    i._SlDrvObjDeInit                        0x00002494   Section        0  driver.o(i._SlDrvObjDeInit)
    i._SlDrvObjInit                          0x000024ac   Section        0  driver.o(i._SlDrvObjInit)
    i._SlDrvReleasePoolObj                   0x000024e8   Section        0  driver.o(i._SlDrvReleasePoolObj)
    i._SlDrvRxHdrRead                        0x000025cc   Section        0  driver.o(i._SlDrvRxHdrRead)
    i._SlDrvRxIrqHandler                     0x000026f8   Section        0  driver.o(i._SlDrvRxIrqHandler)
    i._SlDrvShiftDWord                       0x00002734   Section        0  driver.o(i._SlDrvShiftDWord)
    i._SlDrvWaitForPoolObj                   0x0000274c   Section        0  driver.o(i._SlDrvWaitForPoolObj)
    i._SlFindAndSetActiveObj                 0x00002850   Section        0  driver.o(i._SlFindAndSetActiveObj)
    i._SlNonOsMainLoopTask                   0x000028e4   Section        0  nonos.o(i._SlNonOsMainLoopTask)
    i._SlNonOsSemGet                         0x00002924   Section        0  nonos.o(i._SlNonOsSemGet)
    i._SlNonOsSemSet                         0x00002956   Section        0  nonos.o(i._SlNonOsSemSet)
    i._SlNonOsSpawn                          0x0000295c   Section        0  nonos.o(i._SlNonOsSpawn)
    i._SlRemoveFromList                      0x00002980   Section        0  driver.o(i._SlRemoveFromList)
    i.__0sprintf$3                           0x000029d8   Section        0  printf3.o(i.__0sprintf$3)
    i.__scatterload_copy                     0x00002a00   Section       14  handlers.o(i.__scatterload_copy)
    i.__scatterload_null                     0x00002a0e   Section        2  handlers.o(i.__scatterload_null)
    i.__scatterload_zeroinit                 0x00002a10   Section       14  handlers.o(i.__scatterload_zeroinit)
    i._printf_core                           0x00002a20   Section        0  printf3.o(i._printf_core)
    _printf_core                             0x00002a21   Thumb Code   436  printf3.o(i._printf_core)
    i._sl_BuildAddress                       0x00002bd8   Section        0  socket.o(i._sl_BuildAddress)
    i._sl_HandleAsync_Accept                 0x00002c00   Section        0  socket.o(i._sl_HandleAsync_Accept)
    i._sl_HandleAsync_Connect                0x00002c74   Section        0  socket.o(i._sl_HandleAsync_Connect)
    i._sl_HandleAsync_DnsGetHostByName       0x00002cf4   Section        0  netapp.o(i._sl_HandleAsync_DnsGetHostByName)
    i._sl_HandleAsync_DnsGetHostByService    0x00002d68   Section        0  netapp.o(i._sl_HandleAsync_DnsGetHostByService)
    i._sl_HandleAsync_InitComplete           0x00002dd4   Section        0  device.o(i._sl_HandleAsync_InitComplete)
    i._sl_HandleAsync_PingResponse           0x00002e58   Section        0  netapp.o(i._sl_HandleAsync_PingResponse)
    i._sl_HandleAsync_Select                 0x00002ed8   Section        0  socket.o(i._sl_HandleAsync_Select)
    i._sl_HandleAsync_Stop                   0x00002f3c   Section        0  device.o(i._sl_HandleAsync_Stop)
    i._sl_TruncatePayloadByProtocol          0x00002f9c   Section        0  socket.o(i._sl_TruncatePayloadByProtocol)
    i._sputc                                 0x00002ff0   Section        0  printf3.o(i._sputc)
    _sputc                                   0x00002ff1   Thumb Code    10  printf3.o(i._sputc)
    i.commandList                            0x00002ffa   Section        0  st7735.o(i.commandList)
    commandList                              0x00002ffb   Thumb Code    82  st7735.o(i.commandList)
    i.commonInit                             0x0000304c   Section        0  st7735.o(i.commonInit)
    commonInit                               0x0000304d   Thumb Code   272  st7735.o(i.commonInit)
    i.configureSimpleLinkToDefaultState      0x00003184   Section        0  main.o(i.configureSimpleLinkToDefaultState)
    configureSimpleLinkToDefaultState        0x00003185   Thumb Code   252  main.o(i.configureSimpleLinkToDefaultState)
    i.initClk                                0x00003294   Section        0  board.o(i.initClk)
    i.main                                   0x000032ac   Section        0  main.o(i.main)
    i.pushColor                              0x00003654   Section        0  st7735.o(i.pushColor)
    pushColor                                0x00003655   Thumb Code    20  st7735.o(i.pushColor)
    i.registerInterruptHandler               0x00003668   Section        0  board.o(i.registerInterruptHandler)
    i.setAddrWindow                          0x00003674   Section        0  st7735.o(i.setAddrWindow)
    setAddrWindow                            0x00003675   Thumb Code   102  st7735.o(i.setAddrWindow)
    i.sl_Close                               0x000036e0   Section        0  socket.o(i.sl_Close)
    i.sl_Connect                             0x00003700   Section        0  socket.o(i.sl_Connect)
    i.sl_DevGet                              0x000037ec   Section        0  device.o(i.sl_DevGet)
    i.sl_Htonl                               0x0000385c   Section        0  socket.o(i.sl_Htonl)
    i.sl_Htons                               0x00003884   Section        0  socket.o(i.sl_Htons)
    i.sl_NetAppDnsGetHostByName              0x000038b4   Section        0  netapp.o(i.sl_NetAppDnsGetHostByName)
    i.sl_NetAppMDNSRegisterUnregisterService 0x0000398c   Section        0  netapp.o(i.sl_NetAppMDNSRegisterUnregisterService)
    i.sl_NetAppMDNSUnRegisterService         0x00003a08   Section        0  netapp.o(i.sl_NetAppMDNSUnRegisterService)
    i.sl_NetAppSendTokenValue                0x00003a1c   Section        0  netapp.o(i.sl_NetAppSendTokenValue)
    i.sl_NetCfgSet                           0x00003a6c   Section        0  netcfg.o(i.sl_NetCfgSet)
    i.sl_Recv                                0x00003aac   Section        0  socket.o(i.sl_Recv)
    i.sl_Send                                0x00003aec   Section        0  socket.o(i.sl_Send)
    i.sl_Socket                              0x00003b98   Section        0  socket.o(i.sl_Socket)
    i.sl_Start                               0x00003bc8   Section        0  device.o(i.sl_Start)
    i.sl_Stop                                0x00003c80   Section        0  device.o(i.sl_Stop)
    i.sl_WlanConnect                         0x00003d48   Section        0  wlan.o(i.sl_WlanConnect)
    i.sl_WlanDisconnect                      0x00003ef4   Section        0  wlan.o(i.sl_WlanDisconnect)
    i.sl_WlanPolicySet                       0x00003efc   Section        0  wlan.o(i.sl_WlanPolicySet)
    i.sl_WlanProfileDel                      0x00003f34   Section        0  wlan.o(i.sl_WlanProfileDel)
    i.sl_WlanSet                             0x00003f54   Section        0  wlan.o(i.sl_WlanSet)
    i.sl_WlanSetMode                         0x00003f94   Section        0  wlan.o(i.sl_WlanSetMode)
    i.spi_Close                              0x00003fb4   Section        0  spi.o(i.spi_Close)
    i.spi_Open                               0x00003fc0   Section        0  spi.o(i.spi_Open)
    i.spi_Read                               0x000040b0   Section        0  spi.o(i.spi_Read)
    i.spi_Write                              0x00004108   Section        0  spi.o(i.spi_Write)
    .constdata                               0x0000415c   Section      817  main.o(.constdata)
    .constdata                               0x0000448e   Section       20  device.o(.constdata)
    .constdata                               0x000044a4   Section       72  driver.o(.constdata)
    .constdata                               0x000044ec   Section       40  netapp.o(.constdata)
    .constdata                               0x00004514   Section        8  netcfg.o(.constdata)
    .constdata                               0x0000451c   Section       48  socket.o(.constdata)
    .constdata                               0x0000454c   Section       52  wlan.o(.constdata)
    .constdata                               0x00004580   Section       40  uartstdio.o(.constdata)
    g_pcHex                                  0x00004580   Data           4  uartstdio.o(.constdata)
    g_ui32UARTBase                           0x00004584   Data          12  uartstdio.o(.constdata)
    g_ui32UARTInt                            0x00004590   Data          12  uartstdio.o(.constdata)
    g_ui32UARTPeriph                         0x0000459c   Data          12  uartstdio.o(.constdata)
    .constdata                               0x000045a8   Section     2018  st7735.o(.constdata)
    Font                                     0x000045a8   Data        1275  st7735.o(.constdata)
    Bcmd                                     0x00004aa3   Data         103  st7735.o(.constdata)
    Rcmd1                                    0x00004b0a   Data          59  st7735.o(.constdata)
    Rcmd2green                               0x00004b45   Data          13  st7735.o(.constdata)
    Rcmd2red                                 0x00004b52   Data          13  st7735.o(.constdata)
    Rcmd3                                    0x00004b5f   Data          43  st7735.o(.constdata)
    .constdata                               0x00004d8c   Section      528  gpio.o(.constdata)
    g_ppui32GPIOIntMapBlizzard               0x00004d8c   Data         192  gpio.o(.constdata)
    g_ppui32GPIOIntMapSnowflake              0x00004e4c   Data         192  gpio.o(.constdata)
    g_pui32GPIOBaseAddrs                     0x00004f0c   Data         144  gpio.o(.constdata)
    .constdata                               0x00004f9c   Section      268  interrupt.o(.constdata)
    g_pui32Priority                          0x00004f9c   Data          32  interrupt.o(.constdata)
    g_pui32Regs                              0x00004fbc   Data         156  interrupt.o(.constdata)
    g_pui32EnRegs                            0x00005058   Data          20  interrupt.o(.constdata)
    g_pui32Dii16Regs                         0x0000506c   Data          20  interrupt.o(.constdata)
    g_pui32PendRegs                          0x00005080   Data          20  interrupt.o(.constdata)
    g_pui32UnpendRegs                        0x00005094   Data          20  interrupt.o(.constdata)
    .constdata                               0x000050a8   Section      452  sysctl.o(.constdata)
    g_pui32VCOFrequencies                    0x000050a8   Data           8  sysctl.o(.constdata)
    g_pui32Xtals                             0x000050b0   Data         108  sysctl.o(.constdata)
    g_pppui32XTALtoVCO                       0x0000511c   Data         288  sysctl.o(.constdata)
    g_sXTALtoMEMTIM                          0x0000523c   Data          48  sysctl.o(.constdata)
    .conststring                             0x0000526c   Section       17  uartstdio.o(.conststring)
    .data                                    0x20000000   Section       16  main.o(.data)
    .data                                    0x20000010   Section        8  board.o(.data)
    .data                                    0x20000018   Section        4  driver.o(.data)
    .data                                    0x2000001c   Section        4  driver.o(.data)
    .data                                    0x20000020   Section       28  uartstdio.o(.data)
    bLastWasCR                               0x20000020   Data           1  uartstdio.o(.data)
    g_bDisableEcho                           0x20000021   Data           1  uartstdio.o(.data)
    g_ui32UARTTxWriteIndex                   0x20000024   Data           4  uartstdio.o(.data)
    g_ui32UARTTxReadIndex                    0x20000028   Data           4  uartstdio.o(.data)
    g_ui32UARTRxWriteIndex                   0x2000002c   Data           4  uartstdio.o(.data)
    g_ui32UARTRxReadIndex                    0x20000030   Data           4  uartstdio.o(.data)
    g_ui32Base                               0x20000034   Data           4  uartstdio.o(.data)
    g_ui32PortNum                            0x20000038   Data           4  uartstdio.o(.data)
    .data                                    0x2000003c   Section       44  st7735.o(.data)
    ColStart                                 0x2000003c   Data           1  st7735.o(.data)
    RowStart                                 0x2000003d   Data           1  st7735.o(.data)
    Rotation                                 0x2000003e   Data           1  st7735.o(.data)
    TabColor                                 0x2000003f   Data           1  st7735.o(.data)
    _width                                   0x20000042   Data           2  st7735.o(.data)
    _height                                  0x20000044   Data           2  st7735.o(.data)
    .bss                                     0x20000068   Section     1576  main.o(.bss)
    .bss                                     0x20000690   Section      356  driver.o(.bss)
    .bss                                     0x200007f4   Section       40  nonos.o(.bss)
    .bss                                     0x2000081c   Section     1152  uartstdio.o(.bss)
    g_pcUARTTxBuffer                         0x2000081c   Data        1024  uartstdio.o(.bss)
    g_pcUARTRxBuffer                         0x20000c1c   Data         128  uartstdio.o(.bss)
    STACK                                    0x20000ca0   Section    16384  startup_rvmdk.o(STACK)
    StackMem                                 0x20000ca0   Data           0  startup_rvmdk.o(STACK)

    Global Symbols

    Symbol Name                              Value     Ov Type        Size  Object(Section)

    BuildAttributes$$THM_ISAv4$E$P$D$K$B$S$7EM$VFPi3$EXTD16$VFPS$VFMA$PE$A:L22UL41UL21$X:L11$S22US41US21$IEEE1$IW$USESV6$~STKCKD$USESV7$~SHL$OTIME$ROPI$EBA8$MICROLIB$REQ8$PRES8$EABIv2 0x00000000   Number         0  anon$$obj.o ABSOLUTE
    __ARM_use_no_argv                        0x00000000   Number         0  main.o ABSOLUTE
    __Vectors                                0x00000000   Data           0  startup_rvmdk.o(RESET)
    _printf_a                                0x00000000   Number         0  stubs.o ABSOLUTE
    _printf_c                                0x00000000   Number         0  stubs.o ABSOLUTE
    _printf_charcount                        0x00000000   Number         0  stubs.o ABSOLUTE
    _printf_d                                0x00000000   Number         0  stubs.o ABSOLUTE
    _printf_e                                0x00000000   Number         0  stubs.o ABSOLUTE
    _printf_f                                0x00000000   Number         0  stubs.o ABSOLUTE
    _printf_flags                            0x00000000   Number         0  stubs.o ABSOLUTE
    _printf_fp_dec                           0x00000000   Number         0  stubs.o ABSOLUTE
    _printf_fp_hex                           0x00000000   Number         0  stubs.o ABSOLUTE
    _printf_g                                0x00000000   Number         0  stubs.o ABSOLUTE
    _printf_i                                0x00000000   Number         0  stubs.o ABSOLUTE
    _printf_int_dec                          0x00000000   Number         0  stubs.o ABSOLUTE
    _printf_l                                0x00000000   Number         0  stubs.o ABSOLUTE
    _printf_lc                               0x00000000   Number         0  stubs.o ABSOLUTE
    _printf_ll                               0x00000000   Number         0  stubs.o ABSOLUTE
    _printf_lld                              0x00000000   Number         0  stubs.o ABSOLUTE
    _printf_lli                              0x00000000   Number         0  stubs.o ABSOLUTE
    _printf_llo                              0x00000000   Number         0  stubs.o ABSOLUTE
    _printf_llu                              0x00000000   Number         0  stubs.o ABSOLUTE
    _printf_llx                              0x00000000   Number         0  stubs.o ABSOLUTE
    _printf_longlong_dec                     0x00000000   Number         0  stubs.o ABSOLUTE
    _printf_longlong_hex                     0x00000000   Number         0  stubs.o ABSOLUTE
    _printf_longlong_oct                     0x00000000   Number         0  stubs.o ABSOLUTE
    _printf_ls                               0x00000000   Number         0  stubs.o ABSOLUTE
    _printf_mbtowc                           0x00000000   Number         0  stubs.o ABSOLUTE
    _printf_n                                0x00000000   Number         0  stubs.o ABSOLUTE
    _printf_o                                0x00000000   Number         0  stubs.o ABSOLUTE
    _printf_p                                0x00000000   Number         0  stubs.o ABSOLUTE
    _printf_percent                          0x00000000   Number         0  stubs.o ABSOLUTE
    _printf_pre_padding                      0x00000000   Number         0  stubs.o ABSOLUTE
    _printf_return_value                     0x00000000   Number         0  stubs.o ABSOLUTE
    _printf_s                                0x00000000   Number         0  stubs.o ABSOLUTE
    _printf_sizespec                         0x00000000   Number         0  stubs.o ABSOLUTE
    _printf_str                              0x00000000   Number         0  stubs.o ABSOLUTE
    _printf_truncate_signed                  0x00000000   Number         0  stubs.o ABSOLUTE
    _printf_truncate_unsigned                0x00000000   Number         0  stubs.o ABSOLUTE
    _printf_u                                0x00000000   Number         0  stubs.o ABSOLUTE
    _printf_wc                               0x00000000   Number         0  stubs.o ABSOLUTE
    _printf_wctomb                           0x00000000   Number         0  stubs.o ABSOLUTE
    _printf_widthprec                        0x00000000   Number         0  stubs.o ABSOLUTE
    _printf_x                                0x00000000   Number         0  stubs.o ABSOLUTE
    __cpp_initialize__aeabi_                  - Undefined Weak Reference
    __cxa_finalize                            - Undefined Weak Reference
    __decompress                              - Undefined Weak Reference
    _clock_init                               - Undefined Weak Reference
    _microlib_exit                            - Undefined Weak Reference
    Reset_Handler                            0x0000026d   Thumb Code     0  startup_rvmdk.o(RESET)
    __main                                   0x00000289   Thumb Code     0  entry.o(.ARM.Collect$$$$00000000)
    _main_stk                                0x00000289   Thumb Code     0  entry2.o(.ARM.Collect$$$$00000001)
    _main_scatterload                        0x0000028d   Thumb Code     0  entry5.o(.ARM.Collect$$$$00000004)
    __main_after_scatterload                 0x00000291   Thumb Code     0  entry5.o(.ARM.Collect$$$$00000004)
    _main_clock                              0x00000291   Thumb Code     0  entry7b.o(.ARM.Collect$$$$00000008)
    _main_cpp_init                           0x00000291   Thumb Code     0  entry8b.o(.ARM.Collect$$$$0000000A)
    _main_init                               0x00000291   Thumb Code     0  entry9a.o(.ARM.Collect$$$$0000000B)
    __rt_final_cpp                           0x00000299   Thumb Code     0  entry10a.o(.ARM.Collect$$$$0000000D)
    __rt_final_exit                          0x00000299   Thumb Code     0  entry11a.o(.ARM.Collect$$$$0000000F)
    SysCtlDelay                              0x0000029d   Thumb Code     6  sysctl.o(.emb_text)
    CPUcpsid                                 0x000002a5   Thumb Code     8  cpu.o(.emb_text)
    CPUprimask                               0x000002ad   Thumb Code     6  cpu.o(.emb_text)
    CPUcpsie                                 0x000002b3   Thumb Code     8  cpu.o(.emb_text)
    CPUwfi                                   0x000002bb   Thumb Code     4  cpu.o(.emb_text)
    CPUbasepriSet                            0x000002bf   Thumb Code     6  cpu.o(.emb_text)
    CPUbasepriGet                            0x000002c5   Thumb Code     6  cpu.o(.emb_text)
    writecommand                             0x000002cd   Thumb Code     0  lcd.o(.text)
    writedata                                0x000002f9   Thumb Code     0  lcd.o(.text)
    __aeabi_memcpy                           0x00000325   Thumb Code    36  memcpya.o(.text)
    __aeabi_memcpy4                          0x00000325   Thumb Code     0  memcpya.o(.text)
    __aeabi_memcpy8                          0x00000325   Thumb Code     0  memcpya.o(.text)
    __aeabi_memset                           0x00000349   Thumb Code    14  memseta.o(.text)
    __aeabi_memset4                          0x00000349   Thumb Code     0  memseta.o(.text)
    __aeabi_memset8                          0x00000349   Thumb Code     0  memseta.o(.text)
    __aeabi_memclr                           0x00000357   Thumb Code     4  memseta.o(.text)
    __aeabi_memclr4                          0x00000357   Thumb Code     0  memseta.o(.text)
    __aeabi_memclr8                          0x00000357   Thumb Code     0  memseta.o(.text)
    _memset$wrapper                          0x0000035b   Thumb Code    18  memseta.o(.text)
    strcat                                   0x0000036d   Thumb Code    24  strcat.o(.text)
    strlen                                   0x00000385   Thumb Code    14  strlen.o(.text)
    strcpy                                   0x00000393   Thumb Code    18  strcpy.o(.text)
    __aeabi_uidiv                            0x000003a5   Thumb Code     0  uidiv.o(.text)
    __aeabi_uidivmod                         0x000003a5   Thumb Code    44  uidiv.o(.text)
    __scatterload                            0x000003d1   Thumb Code    28  init.o(.text)
    __scatterload_rt2                        0x000003d1   Thumb Code     0  init.o(.text)
    ADC0_InSeq3                              0x000003f5   Thumb Code    24  adcswtrigger.o(i.ADC0_InSeq3)
    ADC0_InitSWTriggerSeq3_Ch9               0x00000411   Thumb Code   184  adcswtrigger.o(i.ADC0_InitSWTriggerSeq3_Ch9)
    Board_Input                              0x000004e1   Thumb Code    16  led.o(i.Board_Input)
    CC3100_InterruptDisable                  0x000004f5   Thumb Code     8  board.o(i.CC3100_InterruptDisable)
    CC3100_InterruptEnable                   0x00000501   Thumb Code     8  board.o(i.CC3100_InterruptEnable)
    CC3100_disable                           0x0000050d   Thumb Code    10  board.o(i.CC3100_disable)
    CC3100_enable                            0x0000051d   Thumb Code    10  board.o(i.CC3100_enable)
    Convert                                  0x0000052d   Thumb Code    22  main.o(i.Convert)
    CopyPingResultsToReport                  0x00000543   Thumb Code    26  netapp.o(i.CopyPingResultsToReport)
    Crash                                    0x0000055d   Thumb Code    18  main.o(i.Crash)
    Delay1ms                                 0x0000056f   Thumb Code    26  st7735.o(i.Delay1ms)
    FPUEnable                                0x00000589   Thumb Code    12  fpu.o(i.FPUEnable)
    FPULazyStackingEnable                    0x00000599   Thumb Code    12  fpu.o(i.FPULazyStackingEnable)
    GPIOB_intHandler                         0x000005a9   Thumb Code    44  board.o(i.GPIOB_intHandler)
    GPIODirModeSet                           0x000005dd   Thumb Code    40  gpio.o(i.GPIODirModeSet)
    GPIOIntClear                             0x00000605   Thumb Code     6  gpio.o(i.GPIOIntClear)
    GPIOIntDisable                           0x0000060b   Thumb Code    14  gpio.o(i.GPIOIntDisable)
    GPIOIntEnable                            0x00000619   Thumb Code    14  gpio.o(i.GPIOIntEnable)
    GPIOIntStatus                            0x00000627   Thumb Code    14  gpio.o(i.GPIOIntStatus)
    GPIOIntTypeSet                           0x00000635   Thumb Code    80  gpio.o(i.GPIOIntTypeSet)
    GPIOPadConfigSet                         0x00000685   Thumb Code   314  gpio.o(i.GPIOPadConfigSet)
    GPIOPinConfigure                         0x000007c1   Thumb Code    64  gpio.o(i.GPIOPinConfigure)
    GPIOPinTypeGPIOInput                     0x00000809   Thumb Code    28  gpio.o(i.GPIOPinTypeGPIOInput)
    GPIOPinTypeGPIOOutput                    0x00000825   Thumb Code    28  gpio.o(i.GPIOPinTypeGPIOOutput)
    GPIOPinTypeSSI                           0x00000841   Thumb Code    28  gpio.o(i.GPIOPinTypeSSI)
    GPIOPinTypeUART                          0x0000085d   Thumb Code    28  gpio.o(i.GPIOPinTypeUART)
    GPIOPinWrite                             0x00000879   Thumb Code     6  gpio.o(i.GPIOPinWrite)
    GetStartResponseConvert                  0x0000087f   Thumb Code    68  device.o(i.GetStartResponseConvert)
    IntEnable                                0x000008c5   Thumb Code    92  interrupt.o(i.IntEnable)
    IntMasterEnable                          0x00000929   Thumb Code    14  interrupt.o(i.IntMasterEnable)
    LED_GreenOff                             0x00000961   Thumb Code     8  led.o(i.LED_GreenOff)
    LED_GreenOn                              0x0000096d   Thumb Code     8  led.o(i.LED_GreenOn)
    LED_Init                                 0x00000979   Thumb Code    78  led.o(i.LED_Init)
    LED_RedToggle                            0x000009dd   Thumb Code    12  led.o(i.LED_RedToggle)
    SSIConfigSetExpClk                       0x000009ed   Thumb Code    74  ssi.o(i.SSIConfigSetExpClk)
    SSIDataGetNonBlocking                    0x00000a37   Thumb Code    20  ssi.o(i.SSIDataGetNonBlocking)
    SSIDataPutNonBlocking                    0x00000a4b   Thumb Code    16  ssi.o(i.SSIDataPutNonBlocking)
    SSIEnable                                0x00000a5b   Thumb Code    10  ssi.o(i.SSIEnable)
    ST7735_DrawCharS                         0x00000a65   Thumb Code   178  st7735.o(i.ST7735_DrawCharS)
    ST7735_DrawPixel                         0x00000b21   Thumb Code    54  st7735.o(i.ST7735_DrawPixel)
    ST7735_DrawString                        0x00000b5d   Thumb Code    82  st7735.o(i.ST7735_DrawString)
    ST7735_FillRect                          0x00000bb1   Thumb Code   116  st7735.o(i.ST7735_FillRect)
    ST7735_FillScreen                        0x00000c29   Thumb Code    24  st7735.o(i.ST7735_FillScreen)
    ST7735_InitR                             0x00000c45   Thumb Code    94  st7735.o(i.ST7735_InitR)
    ST7735_OutChar                           0x00000cad   Thumb Code   134  st7735.o(i.ST7735_OutChar)
    ST7735_OutString                         0x00000d51   Thumb Code    20  st7735.o(i.ST7735_OutString)
    ST7735_SetCursor                         0x00000d65   Thumb Code    16  st7735.o(i.ST7735_SetCursor)
    SimpleLinkHttpServerCallback             0x00000d79   Thumb Code     6  main.o(i.SimpleLinkHttpServerCallback)
    SimpleLinkNetAppEventHandler             0x00000da5   Thumb Code    24  main.o(i.SimpleLinkNetAppEventHandler)
    SimpleLinkWlanEventHandler               0x00000de5   Thumb Code    50  main.o(i.SimpleLinkWlanEventHandler)
    SysCtlClockGet                           0x00000eb5   Thumb Code   314  sysctl.o(i.SysCtlClockGet)
    SysCtlClockSet                           0x00001019   Thumb Code   270  sysctl.o(i.SysCtlClockSet)
    SysCtlPeripheralEnable                   0x00001139   Thumb Code    36  sysctl.o(i.SysCtlPeripheralEnable)
    SysTick_Init                             0x00001161   Thumb Code    22  systickints.o(i.SysTick_Init)
    UARTFlushRx                              0x00001179   Thumb Code    36  uartstdio.o(i.UARTFlushRx)
    UARTFlushTx                              0x000011a1   Thumb Code    52  uartstdio.o(i.UARTFlushTx)
    UARTStdioConfig                          0x00001251   Thumb Code   142  uartstdio.o(i.UARTStdioConfig)
    UARTStdioIntHandler                      0x000012e9   Thumb Code   248  uartstdio.o(i.UARTStdioIntHandler)
    UART_Init                                0x000013f1   Thumb Code    54  main.o(i.UART_Init)
    UARTprintf                               0x00001435   Thumb Code    18  uartstdio.o(i.UARTprintf)
    UARTvprintf                              0x00001449   Thumb Code   420  uartstdio.o(i.UARTvprintf)
    UARTwrite                                0x000015fd   Thumb Code   134  uartstdio.o(i.UARTwrite)
    _SlAsyncEventGenericHandler              0x0000168d   Thumb Code   734  driver.o(i._SlAsyncEventGenericHandler)
    _SlDrvBasicCmd                           0x00001971   Thumb Code    40  driver.o(i._SlDrvBasicCmd)
    _SlDrvClassifyRxMsg                      0x00001999   Thumb Code   114  driver.o(i._SlDrvClassifyRxMsg)
    _SlDrvCmdOp                              0x00001a21   Thumb Code    80  driver.o(i._SlDrvCmdOp)
    _SlDrvCmdSend                            0x00001a75   Thumb Code    24  driver.o(i._SlDrvCmdSend)
    _SlDrvDataReadOp                         0x00001a91   Thumb Code   326  driver.o(i._SlDrvDataReadOp)
    _SlDrvDataWriteOp                        0x00001be1   Thumb Code   272  driver.o(i._SlDrvDataWriteOp)
    _SlDrvDeviceEventHandler                 0x00001cf5   Thumb Code    28  device.o(i._SlDrvDeviceEventHandler)
    _SlDrvDriverCBDeinit                     0x00001d11   Thumb Code    92  driver.o(i._SlDrvDriverCBDeinit)
    _SlDrvDriverCBInit                       0x00001d71   Thumb Code   134  driver.o(i._SlDrvDriverCBInit)
    _SlDrvFlowContDeinit                     0x00001e01   Thumb Code    40  flowcont.o(i._SlDrvFlowContDeinit)
    _SlDrvFlowContInit                       0x00001e2d   Thumb Code    42  flowcont.o(i._SlDrvFlowContInit)
    _SlDrvMsgRead                            0x00001e5d   Thumb Code   840  driver.o(i._SlDrvMsgRead)
    _SlDrvMsgReadCmdCtx                      0x000021ad   Thumb Code   156  driver.o(i._SlDrvMsgReadCmdCtx)
    _SlDrvMsgReadSpawnCtx                    0x00002251   Thumb Code   132  driver.o(i._SlDrvMsgReadSpawnCtx)
    _SlDrvMsgWrite                           0x000022d9   Thumb Code   232  driver.o(i._SlDrvMsgWrite)
    _SlDrvNetAppEventHandler                 0x000023c9   Thumb Code   204  netapp.o(i._SlDrvNetAppEventHandler)
    _SlDrvObjDeInit                          0x00002495   Thumb Code    18  driver.o(i._SlDrvObjDeInit)
    _SlDrvObjInit                            0x000024ad   Thumb Code    54  driver.o(i._SlDrvObjInit)
    _SlDrvReleasePoolObj                     0x000024e9   Thumb Code   222  driver.o(i._SlDrvReleasePoolObj)
    _SlDrvRxHdrRead                          0x000025cd   Thumb Code   282  driver.o(i._SlDrvRxHdrRead)
    _SlDrvRxIrqHandler                       0x000026f9   Thumb Code    52  driver.o(i._SlDrvRxIrqHandler)
    _SlDrvShiftDWord                         0x00002735   Thumb Code    22  driver.o(i._SlDrvShiftDWord)
    _SlDrvWaitForPoolObj                     0x0000274d   Thumb Code   254  driver.o(i._SlDrvWaitForPoolObj)
    _SlFindAndSetActiveObj                   0x00002851   Thumb Code   138  driver.o(i._SlFindAndSetActiveObj)
    _SlNonOsMainLoopTask                     0x000028e5   Thumb Code    54  nonos.o(i._SlNonOsMainLoopTask)
    _SlNonOsSemGet                           0x00002925   Thumb Code    50  nonos.o(i._SlNonOsSemGet)
    _SlNonOsSemSet                           0x00002957   Thumb Code     6  nonos.o(i._SlNonOsSemSet)
    _SlNonOsSpawn                            0x0000295d   Thumb Code    30  nonos.o(i._SlNonOsSpawn)
    _SlRemoveFromList                        0x00002981   Thumb Code    84  driver.o(i._SlRemoveFromList)
    __0sprintf$3                             0x000029d9   Thumb Code    34  printf3.o(i.__0sprintf$3)
    __1sprintf$3                             0x000029d9   Thumb Code     0  printf3.o(i.__0sprintf$3)
    __2sprintf                               0x000029d9   Thumb Code     0  printf3.o(i.__0sprintf$3)
    __scatterload_copy                       0x00002a01   Thumb Code    14  handlers.o(i.__scatterload_copy)
    __scatterload_null                       0x00002a0f   Thumb Code     2  handlers.o(i.__scatterload_null)
    __scatterload_zeroinit                   0x00002a11   Thumb Code    14  handlers.o(i.__scatterload_zeroinit)
    _sl_BuildAddress                         0x00002bd9   Thumb Code    38  socket.o(i._sl_BuildAddress)
    _sl_HandleAsync_Accept                   0x00002c01   Thumb Code   110  socket.o(i._sl_HandleAsync_Accept)
    _sl_HandleAsync_Connect                  0x00002c75   Thumb Code   122  socket.o(i._sl_HandleAsync_Connect)
    _sl_HandleAsync_DnsGetHostByName         0x00002cf5   Thumb Code   110  netapp.o(i._sl_HandleAsync_DnsGetHostByName)
    _sl_HandleAsync_DnsGetHostByService      0x00002d69   Thumb Code   102  netapp.o(i._sl_HandleAsync_DnsGetHostByService)
    _sl_HandleAsync_InitComplete             0x00002dd5   Thumb Code   126  device.o(i._sl_HandleAsync_InitComplete)
    _sl_HandleAsync_PingResponse             0x00002e59   Thumb Code   120  netapp.o(i._sl_HandleAsync_PingResponse)
    _sl_HandleAsync_Select                   0x00002ed9   Thumb Code    94  socket.o(i._sl_HandleAsync_Select)
    _sl_HandleAsync_Stop                     0x00002f3d   Thumb Code    90  device.o(i._sl_HandleAsync_Stop)
    _sl_TruncatePayloadByProtocol            0x00002f9d   Thumb Code    84  socket.o(i._sl_TruncatePayloadByProtocol)
    initClk                                  0x00003295   Thumb Code    20  board.o(i.initClk)
    main                                     0x000032ad   Thumb Code   712  main.o(i.main)
    registerInterruptHandler                 0x00003669   Thumb Code     8  board.o(i.registerInterruptHandler)
    sl_Close                                 0x000036e1   Thumb Code    26  socket.o(i.sl_Close)
    sl_Connect                               0x00003701   Thumb Code   224  socket.o(i.sl_Connect)
    sl_DevGet                                0x000037ed   Thumb Code   104  device.o(i.sl_DevGet)
    sl_Htonl                                 0x0000385d   Thumb Code    40  socket.o(i.sl_Htonl)
    sl_Htons                                 0x00003885   Thumb Code    48  socket.o(i.sl_Htons)
    sl_NetAppDnsGetHostByName                0x000038b5   Thumb Code   202  netapp.o(i.sl_NetAppDnsGetHostByName)
    sl_NetAppMDNSRegisterUnregisterService   0x0000398d   Thumb Code   118  netapp.o(i.sl_NetAppMDNSRegisterUnregisterService)
    sl_NetAppMDNSUnRegisterService           0x00003a09   Thumb Code    18  netapp.o(i.sl_NetAppMDNSUnRegisterService)
    sl_NetAppSendTokenValue                  0x00003a1d   Thumb Code    74  netapp.o(i.sl_NetAppSendTokenValue)
    sl_NetCfgSet                             0x00003a6d   Thumb Code    58  netcfg.o(i.sl_NetCfgSet)
    sl_Recv                                  0x00003aad   Thumb Code    58  socket.o(i.sl_Recv)
    sl_Send                                  0x00003aed   Thumb Code   162  socket.o(i.sl_Send)
    sl_Socket                                0x00003b99   Thumb Code    42  socket.o(i.sl_Socket)
    sl_Start                                 0x00003bc9   Thumb Code   170  device.o(i.sl_Start)
    sl_Stop                                  0x00003c81   Thumb Code   186  device.o(i.sl_Stop)
    sl_WlanConnect                           0x00003d49   Thumb Code   422  wlan.o(i.sl_WlanConnect)
    sl_WlanDisconnect                        0x00003ef5   Thumb Code     8  wlan.o(i.sl_WlanDisconnect)
    sl_WlanPolicySet                         0x00003efd   Thumb Code    52  wlan.o(i.sl_WlanPolicySet)
    sl_WlanProfileDel                        0x00003f35   Thumb Code    26  wlan.o(i.sl_WlanProfileDel)
    sl_WlanSet                               0x00003f55   Thumb Code    60  wlan.o(i.sl_WlanSet)
    sl_WlanSetMode                           0x00003f95   Thumb Code    26  wlan.o(i.sl_WlanSetMode)
    spi_Close                                0x00003fb5   Thumb Code    10  spi.o(i.spi_Close)
    spi_Open                                 0x00003fc1   Thumb Code   198  spi.o(i.spi_Open)
    spi_Read                                 0x000040b1   Thumb Code    78  spi.o(i.spi_Read)
    spi_Write                                0x00004109   Thumb Code    76  spi.o(i.spi_Write)
    _SlStopCmdCtrl                           0x0000448e   Data           4  device.o(.constdata)
    _SlEventMaskSetCmdCtrl                   0x00004492   Data           4  device.o(.constdata)
    _SlEventMaskGetCmdCtrl                   0x00004496   Data           4  device.o(.constdata)
    _SlDeviceGetCmdCtrl                      0x0000449a   Data           4  device.o(.constdata)
    _SlDeviceSetCmdCtrl                      0x0000449e   Data           4  device.o(.constdata)
    g_H2NSyncPattern                         0x000044a4   Data           8  driver.o(.constdata)
    g_H2NCnysPattern                         0x000044ac   Data           8  driver.o(.constdata)
    _SlActionLookupTable                     0x000044b4   Data          56  driver.o(.constdata)
    _SlNetAppStartCtrl                       0x000044ec   Data           4  netapp.o(.constdata)
    _SlNetAppStopCtrl                        0x000044f0   Data           4  netapp.o(.constdata)
    _SlGetServiceListeCtrl                   0x000044f4   Data           4  netapp.o(.constdata)
    _SlRegisterServiceCtrl                   0x000044f8   Data           4  netapp.o(.constdata)
    _SlGetHostByServiceCtrl                  0x000044fc   Data           4  netapp.o(.constdata)
    _SlGetHostByNameCtrl                     0x00004500   Data           4  netapp.o(.constdata)
    _SlNetAppSetCmdCtrl                      0x00004504   Data           4  netapp.o(.constdata)
    _SlNetAppSendTokenValueCmdCtrl           0x00004508   Data           4  netapp.o(.constdata)
    _SlNetAppGetCmdCtrl                      0x0000450c   Data           4  netapp.o(.constdata)
    _SlNetCfgSetCmdCtrl                      0x00004514   Data           4  netcfg.o(.constdata)
    _SlNetCfgGetCmdCtrl                      0x00004518   Data           4  netcfg.o(.constdata)
    _SlSockSocketCmdCtrl                     0x0000451c   Data           4  socket.o(.constdata)
    _SlSockCloseCmdCtrl                      0x00004520   Data           4  socket.o(.constdata)
    _SlRecvfomCmdCtrl                        0x00004524   Data           4  socket.o(.constdata)
    _SlSendCmdCtrl                           0x00004528   Data           4  socket.o(.constdata)
    _SlListenCmdCtrl                         0x0000452c   Data           4  socket.o(.constdata)
    _SlAcceptCmdCtrl                         0x00004530   Data           4  socket.o(.constdata)
    _SlRecvCmdCtrl                           0x00004534   Data           4  socket.o(.constdata)
    _SlSetSockOptCmdCtrl                     0x00004538   Data           4  socket.o(.constdata)
    _SlGetSockOptCmdCtrl                     0x0000453c   Data           4  socket.o(.constdata)
    _SlSelectCmdCtrl                         0x00004540   Data           4  socket.o(.constdata)
    _SlPolicySetCmdCtrl                      0x0000454c   Data           4  wlan.o(.constdata)
    _SlPolicyGetCmdCtrl                      0x00004550   Data           4  wlan.o(.constdata)
    _SlProfileGetCmdCtrl                     0x00004554   Data           4  wlan.o(.constdata)
    _SlProfileDelCmdCtrl                     0x00004558   Data           4  wlan.o(.constdata)
    _SlWlanGetNetworkListCtrl                0x0000455c   Data           4  wlan.o(.constdata)
    _SlRxFilterAddtCmdCtrl                   0x00004560   Data           4  wlan.o(.constdata)
    _SlRxFilterSetCmdCtrl                    0x00004564   Data           4  wlan.o(.constdata)
    _SlRxFilterGetCmdCtrl                    0x00004568   Data           4  wlan.o(.constdata)
    _SlSmartConfigStartCmdCtrl               0x0000456c   Data           4  wlan.o(.constdata)
    _SlWlanSetModeCmdCtrl                    0x00004570   Data           4  wlan.o(.constdata)
    _SlWlanCfgSetCmdCtrl                     0x00004574   Data           4  wlan.o(.constdata)
    _SlWlanCfgGetCmdCtrl                     0x00004578   Data           4  wlan.o(.constdata)
    dBfs                                     0x00004b8a   Data         512  st7735.o(.constdata)
    Region$$Table$$Base                      0x00005280   Number         0  anon$$obj.o(Region$$Table)
    Region$$Table$$Limit                     0x000052a0   Number         0  anon$$obj.o(Region$$Table)
    g_Status                                 0x20000000   Data           4  main.o(.data)
    ADC_Mail                                 0x20000004   Data           4  main.o(.data)
    DestinationIP                            0x20000008   Data           4  main.o(.data)
    SockID                                   0x2000000c   Data           4  main.o(.data)
    IntIsMasked                              0x20000010   Data           1  board.o(.data)
    pIrqEventHandler                         0x20000014   Data           4  board.o(.data)
    g_pCB                                    0x20000018   Data           4  driver.o(.data)
    pPingCallBackFunc                        0x2000001c   Data           4  driver.o(.data)
    StTextColor                              0x20000040   Data           2  st7735.o(.data)
    StX                                      0x20000048   Data           4  st7735.o(.data)
    StY                                      0x2000004c   Data           4  st7735.o(.data)
    lastj                                    0x20000050   Data           4  st7735.o(.data)
    Messageindex                             0x20000054   Data           4  st7735.o(.data)
    Ymax                                     0x20000058   Data           4  st7735.o(.data)
    Ymin                                     0x2000005c   Data           4  st7735.o(.data)
    X                                        0x20000060   Data           4  st7735.o(.data)
    Yrange                                   0x20000064   Data           4  st7735.o(.data)
    Recvbuff                                 0x20000068   Data        1024  main.o(.bss)
    SendBuff                                 0x20000468   Data         512  main.o(.bss)
    HostName                                 0x20000668   Data          40  main.o(.bss)
    g_StatMem                                0x20000690   Data         356  driver.o(.bss)
    g__SlNonOsCB                             0x200007f4   Data          40  nonos.o(.bss)
    __initial_sp                             0x20004ca0   Data           0  startup_rvmdk.o(STACK)



==============================================================================

Memory Map of the image

  Image Entry point : 0x0000026d

  Load Region LR_IROM (Base: 0x00000000, Size: 0x00005308, Max: 0x00040000, ABSOLUTE)

    Execution Region ER_IROM (Base: 0x00000000, Size: 0x000052a0, Max: 0x00040000, ABSOLUTE)

    Base Addr    Size         Type   Attr      Idx    E Section Name        Object

    0x00000000   0x00000288   Code   RO         1165  * RESET               startup_rvmdk.o
    0x00000288   0x00000000   Code   RO         3128  * .ARM.Collect$$$$00000000  mc_w.l(entry.o)
    0x00000288   0x00000004   Code   RO         3404    .ARM.Collect$$$$00000001  mc_w.l(entry2.o)
    0x0000028c   0x00000004   Code   RO         3407    .ARM.Collect$$$$00000004  mc_w.l(entry5.o)
    0x00000290   0x00000000   Code   RO         3409    .ARM.Collect$$$$00000008  mc_w.l(entry7b.o)
    0x00000290   0x00000000   Code   RO         3411    .ARM.Collect$$$$0000000A  mc_w.l(entry8b.o)
    0x00000290   0x00000008   Code   RO         3412    .ARM.Collect$$$$0000000B  mc_w.l(entry9a.o)
    0x00000298   0x00000000   Code   RO         3414    .ARM.Collect$$$$0000000D  mc_w.l(entry10a.o)
    0x00000298   0x00000000   Code   RO         3416    .ARM.Collect$$$$0000000F  mc_w.l(entry11a.o)
    0x00000298   0x00000004   Code   RO         3405    .ARM.Collect$$$$00002712  mc_w.l(entry2.o)
    0x0000029c   0x00000006   Code   RO         2487    .emb_text           driverlib.lib(sysctl.o)
    0x000002a2   0x00000002   PAD
    0x000002a4   0x00000026   Code   RO         3118    .emb_text           driverlib.lib(cpu.o)
    0x000002ca   0x00000002   PAD
    0x000002cc   0x00000058   Code   RO         1821    .text               lcd.o
    0x00000324   0x00000024   Code   RO         3131    .text               mc_w.l(memcpya.o)
    0x00000348   0x00000024   Code   RO         3133    .text               mc_w.l(memseta.o)
    0x0000036c   0x00000018   Code   RO         3135    .text               mc_w.l(strcat.o)
    0x00000384   0x0000000e   Code   RO         3137    .text               mc_w.l(strlen.o)
    0x00000392   0x00000012   Code   RO         3139    .text               mc_w.l(strcpy.o)
    0x000003a4   0x0000002c   Code   RO         3419    .text               mc_w.l(uidiv.o)
    0x000003d0   0x00000024   Code   RO         3434    .text               mc_w.l(init.o)
    0x000003f4   0x0000001c   Code   RO         1533    i.ADC0_InSeq3       adcswtrigger.o
    0x00000410   0x000000d0   Code   RO         1534    i.ADC0_InitSWTriggerSeq3_Ch9  adcswtrigger.o
    0x000004e0   0x00000014   Code   RO          380    i.Board_Input       led.o
    0x000004f4   0x0000000c   Code   RO          191    i.CC3100_InterruptDisable  board.o
    0x00000500   0x0000000c   Code   RO          192    i.CC3100_InterruptEnable  board.o
    0x0000050c   0x00000010   Code   RO          193    i.CC3100_disable    board.o
    0x0000051c   0x00000010   Code   RO          194    i.CC3100_enable     board.o
    0x0000052c   0x00000016   Code   RO            1    i.Convert           main.o
    0x00000542   0x0000001a   Code   RO          788    i.CopyPingResultsToReport  netapp.o
    0x0000055c   0x00000012   Code   RO            2    i.Crash             main.o
    0x0000056e   0x0000001a   Code   RO         1555    i.Delay1ms          st7735.o
    0x00000588   0x00000010   Code   RO         1837    i.FPUEnable         driverlib.lib(fpu.o)
    0x00000598   0x00000010   Code   RO         1840    i.FPULazyStackingEnable  driverlib.lib(fpu.o)
    0x000005a8   0x00000034   Code   RO          196    i.GPIOB_intHandler  board.o
    0x000005dc   0x00000028   Code   RO         1910    i.GPIODirModeSet    driverlib.lib(gpio.o)
    0x00000604   0x00000006   Code   RO         1911    i.GPIOIntClear      driverlib.lib(gpio.o)
    0x0000060a   0x0000000e   Code   RO         1912    i.GPIOIntDisable    driverlib.lib(gpio.o)
    0x00000618   0x0000000e   Code   RO         1913    i.GPIOIntEnable     driverlib.lib(gpio.o)
    0x00000626   0x0000000e   Code   RO         1915    i.GPIOIntStatus     driverlib.lib(gpio.o)
    0x00000634   0x00000050   Code   RO         1917    i.GPIOIntTypeSet    driverlib.lib(gpio.o)
    0x00000684   0x0000013a   Code   RO         1920    i.GPIOPadConfigSet  driverlib.lib(gpio.o)
    0x000007be   0x00000002   PAD
    0x000007c0   0x00000048   Code   RO         1921    i.GPIOPinConfigure  driverlib.lib(gpio.o)
    0x00000808   0x0000001c   Code   RO         1930    i.GPIOPinTypeGPIOInput  driverlib.lib(gpio.o)
    0x00000824   0x0000001c   Code   RO         1931    i.GPIOPinTypeGPIOOutput  driverlib.lib(gpio.o)
    0x00000840   0x0000001c   Code   RO         1944    i.GPIOPinTypeSSI    driverlib.lib(gpio.o)
    0x0000085c   0x0000001c   Code   RO         1946    i.GPIOPinTypeUART   driverlib.lib(gpio.o)
    0x00000878   0x00000006   Code   RO         1952    i.GPIOPinWrite      driverlib.lib(gpio.o)
    0x0000087e   0x00000044   Code   RO          440    i.GetStartResponseConvert  device.o
    0x000008c2   0x00000002   PAD
    0x000008c4   0x00000064   Code   RO         2223    i.IntEnable         driverlib.lib(interrupt.o)
    0x00000928   0x0000000e   Code   RO         2226    i.IntMasterEnable   driverlib.lib(interrupt.o)
    0x00000936   0x00000010   Code   RO         1297    i.IsBufferEmpty     uartstdio.o
    0x00000946   0x0000001a   Code   RO         1298    i.IsBufferFull      uartstdio.o
    0x00000960   0x0000000c   Code   RO          382    i.LED_GreenOff      led.o
    0x0000096c   0x0000000c   Code   RO          383    i.LED_GreenOn       led.o
    0x00000978   0x00000064   Code   RO          385    i.LED_Init          led.o
    0x000009dc   0x00000010   Code   RO          388    i.LED_RedToggle     led.o
    0x000009ec   0x0000004a   Code   RO         2343    i.SSIConfigSetExpClk  driverlib.lib(ssi.o)
    0x00000a36   0x00000014   Code   RO         2347    i.SSIDataGetNonBlocking  driverlib.lib(ssi.o)
    0x00000a4a   0x00000010   Code   RO         2349    i.SSIDataPutNonBlocking  driverlib.lib(ssi.o)
    0x00000a5a   0x0000000a   Code   RO         2351    i.SSIEnable         driverlib.lib(ssi.o)
    0x00000a64   0x000000bc   Code   RO         1564    i.ST7735_DrawCharS  st7735.o
    0x00000b20   0x0000003c   Code   RO         1567    i.ST7735_DrawPixel  st7735.o
    0x00000b5c   0x00000052   Code   RO         1568    i.ST7735_DrawString  st7735.o
    0x00000bae   0x00000002   PAD
    0x00000bb0   0x00000078   Code   RO         1569    i.ST7735_FillRect   st7735.o
    0x00000c28   0x0000001c   Code   RO         1570    i.ST7735_FillScreen  st7735.o
    0x00000c44   0x00000068   Code   RO         1572    i.ST7735_InitR      st7735.o
    0x00000cac   0x000000a4   Code   RO         1575    i.ST7735_OutChar    st7735.o
    0x00000d50   0x00000014   Code   RO         1576    i.ST7735_OutString  st7735.o
    0x00000d64   0x00000014   Code   RO         1586    i.ST7735_SetCursor  st7735.o
    0x00000d78   0x0000002c   Code   RO            5    i.SimpleLinkHttpServerCallback  main.o
    0x00000da4   0x00000040   Code   RO            6    i.SimpleLinkNetAppEventHandler  main.o
    0x00000de4   0x000000d0   Code   RO            8    i.SimpleLinkWlanEventHandler  main.o
    0x00000eb4   0x00000164   Code   RO         2490    i.SysCtlClockGet    driverlib.lib(sysctl.o)
    0x00001018   0x00000120   Code   RO         2492    i.SysCtlClockSet    driverlib.lib(sysctl.o)
    0x00001138   0x00000028   Code   RO         2521    i.SysCtlPeripheralEnable  driverlib.lib(sysctl.o)
    0x00001160   0x00000016   Code   RO         1824    i.SysTick_Init      systickints.o
    0x00001176   0x00000002   PAD
    0x00001178   0x00000028   Code   RO         1300    i.UARTFlushRx       uartstdio.o
    0x000011a0   0x00000038   Code   RO         1301    i.UARTFlushTx       uartstdio.o
    0x000011d8   0x00000078   Code   RO         1304    i.UARTPrimeTransmit  uartstdio.o
    0x00001250   0x00000098   Code   RO         1306    i.UARTStdioConfig   uartstdio.o
    0x000012e8   0x00000108   Code   RO         1307    i.UARTStdioIntHandler  uartstdio.o
    0x000013f0   0x00000044   Code   RO            9    i.UART_Init         main.o
    0x00001434   0x00000012   Code   RO         1311    i.UARTprintf        uartstdio.o
    0x00001446   0x00000002   PAD
    0x00001448   0x000001b4   Code   RO         1312    i.UARTvprintf       uartstdio.o
    0x000015fc   0x00000090   Code   RO         1313    i.UARTwrite         uartstdio.o
    0x0000168c   0x000002e4   Code   RO          567    i._SlAsyncEventGenericHandler  driver.o
    0x00001970   0x00000028   Code   RO          568    i._SlDrvBasicCmd    driver.o
    0x00001998   0x00000088   Code   RO          569    i._SlDrvClassifyRxMsg  driver.o
    0x00001a20   0x00000054   Code   RO          570    i._SlDrvCmdOp       driver.o
    0x00001a74   0x0000001c   Code   RO          571    i._SlDrvCmdSend     driver.o
    0x00001a90   0x00000150   Code   RO          572    i._SlDrvDataReadOp  driver.o
    0x00001be0   0x00000114   Code   RO          573    i._SlDrvDataWriteOp  driver.o
    0x00001cf4   0x0000001c   Code   RO          441    i._SlDrvDeviceEventHandler  device.o
    0x00001d10   0x00000060   Code   RO          574    i._SlDrvDriverCBDeinit  driver.o
    0x00001d70   0x00000090   Code   RO          575    i._SlDrvDriverCBInit  driver.o
    0x00001e00   0x0000002c   Code   RO          713    i._SlDrvFlowContDeinit  flowcont.o
    0x00001e2c   0x00000030   Code   RO          714    i._SlDrvFlowContInit  flowcont.o
    0x00001e5c   0x00000350   Code   RO          576    i._SlDrvMsgRead     driver.o
    0x000021ac   0x000000a4   Code   RO          577    i._SlDrvMsgReadCmdCtx  driver.o
    0x00002250   0x00000088   Code   RO          578    i._SlDrvMsgReadSpawnCtx  driver.o
    0x000022d8   0x000000f0   Code   RO          579    i._SlDrvMsgWrite    driver.o
    0x000023c8   0x000000cc   Code   RO          789    i._SlDrvNetAppEventHandler  netapp.o
    0x00002494   0x00000018   Code   RO          580    i._SlDrvObjDeInit   driver.o
    0x000024ac   0x0000003c   Code   RO          581    i._SlDrvObjInit     driver.o
    0x000024e8   0x000000e4   Code   RO          582    i._SlDrvReleasePoolObj  driver.o
    0x000025cc   0x0000012c   Code   RO          583    i._SlDrvRxHdrRead   driver.o
    0x000026f8   0x0000003c   Code   RO          584    i._SlDrvRxIrqHandler  driver.o
    0x00002734   0x00000016   Code   RO          585    i._SlDrvShiftDWord  driver.o
    0x0000274a   0x00000002   PAD
    0x0000274c   0x00000104   Code   RO          586    i._SlDrvWaitForPoolObj  driver.o
    0x00002850   0x00000094   Code   RO          587    i._SlFindAndSetActiveObj  driver.o
    0x000028e4   0x00000040   Code   RO          926    i._SlNonOsMainLoopTask  nonos.o
    0x00002924   0x00000032   Code   RO          927    i._SlNonOsSemGet    nonos.o
    0x00002956   0x00000006   Code   RO          928    i._SlNonOsSemSet    nonos.o
    0x0000295c   0x00000024   Code   RO          929    i._SlNonOsSpawn     nonos.o
    0x00002980   0x00000058   Code   RO          588    i._SlRemoveFromList  driver.o
    0x000029d8   0x00000028   Code   RO         3234    i.__0sprintf$3      mc_w.l(printf3.o)
    0x00002a00   0x0000000e   Code   RO         3446    i.__scatterload_copy  mc_w.l(handlers.o)
    0x00002a0e   0x00000002   Code   RO         3447    i.__scatterload_null  mc_w.l(handlers.o)
    0x00002a10   0x0000000e   Code   RO         3448    i.__scatterload_zeroinit  mc_w.l(handlers.o)
    0x00002a1e   0x00000002   PAD
    0x00002a20   0x000001b8   Code   RO         3239    i._printf_core      mc_w.l(printf3.o)
    0x00002bd8   0x00000026   Code   RO          963    i._sl_BuildAddress  socket.o
    0x00002bfe   0x00000002   PAD
    0x00002c00   0x00000074   Code   RO          964    i._sl_HandleAsync_Accept  socket.o
    0x00002c74   0x00000080   Code   RO          965    i._sl_HandleAsync_Connect  socket.o
    0x00002cf4   0x00000074   Code   RO          791    i._sl_HandleAsync_DnsGetHostByName  netapp.o
    0x00002d68   0x0000006c   Code   RO          792    i._sl_HandleAsync_DnsGetHostByService  netapp.o
    0x00002dd4   0x00000084   Code   RO          442    i._sl_HandleAsync_InitComplete  device.o
    0x00002e58   0x00000080   Code   RO          793    i._sl_HandleAsync_PingResponse  netapp.o
    0x00002ed8   0x00000064   Code   RO          966    i._sl_HandleAsync_Select  socket.o
    0x00002f3c   0x00000060   Code   RO          443    i._sl_HandleAsync_Stop  device.o
    0x00002f9c   0x00000054   Code   RO          968    i._sl_TruncatePayloadByProtocol  socket.o
    0x00002ff0   0x0000000a   Code   RO         3241    i._sputc            mc_w.l(printf3.o)
    0x00002ffa   0x00000052   Code   RO         1590    i.commandList       st7735.o
    0x0000304c   0x00000138   Code   RO         1591    i.commonInit        st7735.o
    0x00003184   0x00000110   Code   RO           10    i.configureSimpleLinkToDefaultState  main.o
    0x00003294   0x00000018   Code   RO          200    i.initClk           board.o
    0x000032ac   0x000003a8   Code   RO           11    i.main              main.o
    0x00003654   0x00000014   Code   RO         1596    i.pushColor         st7735.o
    0x00003668   0x0000000c   Code   RO          201    i.registerInterruptHandler  board.o
    0x00003674   0x0000006c   Code   RO         1597    i.setAddrWindow     st7735.o
    0x000036e0   0x00000020   Code   RO          971    i.sl_Close          socket.o
    0x00003700   0x000000ec   Code   RO          972    i.sl_Connect        socket.o
    0x000037ec   0x00000070   Code   RO          444    i.sl_DevGet         device.o
    0x0000385c   0x00000028   Code   RO          974    i.sl_Htonl          socket.o
    0x00003884   0x00000030   Code   RO          975    i.sl_Htons          socket.o
    0x000038b4   0x000000d8   Code   RO          794    i.sl_NetAppDnsGetHostByName  netapp.o
    0x0000398c   0x0000007c   Code   RO          799    i.sl_NetAppMDNSRegisterUnregisterService  netapp.o
    0x00003a08   0x00000012   Code   RO          800    i.sl_NetAppMDNSUnRegisterService  netapp.o
    0x00003a1a   0x00000002   PAD
    0x00003a1c   0x00000050   Code   RO          802    i.sl_NetAppSendTokenValue  netapp.o
    0x00003a6c   0x00000040   Code   RO          906    i.sl_NetCfgSet      netcfg.o
    0x00003aac   0x00000040   Code   RO          977    i.sl_Recv           socket.o
    0x00003aec   0x000000ac   Code   RO          980    i.sl_Send           socket.o
    0x00003b98   0x00000030   Code   RO          983    i.sl_Socket         socket.o
    0x00003bc8   0x000000b8   Code   RO          448    i.sl_Start          device.o
    0x00003c80   0x000000c8   Code   RO          449    i.sl_Stop           device.o
    0x00003d48   0x000001ac   Code   RO         1173    i.sl_WlanConnect    wlan.o
    0x00003ef4   0x00000008   Code   RO         1174    i.sl_WlanDisconnect  wlan.o
    0x00003efc   0x00000038   Code   RO         1178    i.sl_WlanPolicySet  wlan.o
    0x00003f34   0x00000020   Code   RO         1180    i.sl_WlanProfileDel  wlan.o
    0x00003f54   0x00000040   Code   RO         1188    i.sl_WlanSet        wlan.o
    0x00003f94   0x00000020   Code   RO         1189    i.sl_WlanSetMode    wlan.o
    0x00003fb4   0x0000000a   Code   RO         1124    i.spi_Close         spi.o
    0x00003fbe   0x00000002   PAD
    0x00003fc0   0x000000f0   Code   RO         1125    i.spi_Open          spi.o
    0x000040b0   0x00000058   Code   RO         1126    i.spi_Read          spi.o
    0x00004108   0x00000054   Code   RO         1127    i.spi_Write         spi.o
    0x0000415c   0x00000331   Data   RO           16    .constdata          main.o
    0x0000448d   0x00000001   PAD
    0x0000448e   0x00000014   Data   RO          451    .constdata          device.o
    0x000044a2   0x00000002   PAD
    0x000044a4   0x00000048   Data   RO          590    .constdata          driver.o
    0x000044ec   0x00000028   Data   RO          806    .constdata          netapp.o
    0x00004514   0x00000008   Data   RO          907    .constdata          netcfg.o
    0x0000451c   0x00000030   Data   RO          984    .constdata          socket.o
    0x0000454c   0x00000034   Data   RO         1192    .constdata          wlan.o
    0x00004580   0x00000028   Data   RO         1315    .constdata          uartstdio.o
    0x000045a8   0x000007e2   Data   RO         1599    .constdata          st7735.o
    0x00004d8a   0x00000002   PAD
    0x00004d8c   0x00000210   Data   RO         1953    .constdata          driverlib.lib(gpio.o)
    0x00004f9c   0x0000010c   Data   RO         2239    .constdata          driverlib.lib(interrupt.o)
    0x000050a8   0x000001c4   Data   RO         2542    .constdata          driverlib.lib(sysctl.o)
    0x0000526c   0x00000011   Data   RO         1316    .conststring        uartstdio.o
    0x0000527d   0x00000003   PAD
    0x00005280   0x00000020   Data   RO         3444    Region$$Table       anon$$obj.o


    Execution Region RW_IRAM (Base: 0x20000000, Size: 0x00004ca0, Max: 0x00008000, ABSOLUTE)

    Base Addr    Size         Type   Attr      Idx    E Section Name        Object

    0x20000000   0x00000010   Data   RW           17    .data               main.o
    0x20000010   0x00000008   Data   RW          203    .data               board.o
    0x20000018   0x00000004   Data   RW          591    .data               driver.o
    0x2000001c   0x00000004   Data   RW          592    .data               driver.o
    0x20000020   0x0000001c   Data   RW         1317    .data               uartstdio.o
    0x2000003c   0x0000002c   Data   RW         1600    .data               st7735.o
    0x20000068   0x00000628   Zero   RW           12    .bss                main.o
    0x20000690   0x00000164   Zero   RW          589    .bss                driver.o
    0x200007f4   0x00000028   Zero   RW          930    .bss                nonos.o
    0x2000081c   0x00000480   Zero   RW         1314    .bss                uartstdio.o
    0x20000c9c   0x00000004   PAD
    0x20000ca0   0x00004000   Zero   RW         1163    STACK               startup_rvmdk.o


==============================================================================

Image component sizes


      Code (inc. data)   RO Data    RW Data    ZI Data      Debug   Object Name

       236         28          0          0          0       1099   adcswtrigger.o
       144         36          0          8          0       4175   board.o
       820         48         20          0          0      77645   device.o
      4458        156         72          8        356      23725   driver.o
        92         10          0          0          0       1220   flowcont.o
        88         14          0          0          0        252   lcd.o
       160         38          0          0          0       2258   led.o
      1632        494        817         16       1576      45043   main.o
      1020         46         40          0          0      10346   netapp.o
        64          6          8          0          0       1645   netcfg.o
         0          0          0          0          0       2768   nokia5110.o
       156         16          0          0         40       3540   nonos.o
      1106         70         48          0          0      10725   socket.o
       422         60          0          0          0       2678   spi.o
      1334        114       2018         44          0      12055   st7735.o
       648        622          0          0      16384        288   startup_rvmdk.o
        22          0          0          0          0        483   systickints.o
      1272         72         57         28       1152       9211   uartstdio.o
       620         26         52          0          0       7054   wlan.o

    ----------------------------------------------------------------------
     14310       1856       3172        104      19512     216210   Object Totals
         0          0         32          0          0          0   (incl. Generated)
        16          0          8          0          4          0   (incl. Padding)

    ----------------------------------------------------------------------

      Code (inc. data)   RO Data    RW Data    ZI Data      Debug   Library Member Name

        38          0          0          0          0        504   cpu.o
        32          8          0          0          0        780   fpu.o
       672          8        528          0          0       7285   gpio.o
       114          8        268          0          0       1774   interrupt.o
       120          0          0          0          0       2749   ssi.o
       690         64        452          0          0       3951   sysctl.o
         0          0          0          0          0          0   entry.o
         0          0          0          0          0          0   entry10a.o
         0          0          0          0          0          0   entry11a.o
         8          4          0          0          0          0   entry2.o
         4          0          0          0          0          0   entry5.o
         0          0          0          0          0          0   entry7b.o
         0          0          0          0          0          0   entry8b.o
         8          4          0          0          0          0   entry9a.o
        30          0          0          0          0          0   handlers.o
        36          8          0          0          0         68   init.o
        36          0          0          0          0         68   memcpya.o
        36          0          0          0          0        108   memseta.o
       490         10          0          0          0        248   printf3.o
        24          0          0          0          0         68   strcat.o
        18          0          0          0          0         68   strcpy.o
        14          0          0          0          0         68   strlen.o
        44          0          0          0          0         80   uidiv.o

    ----------------------------------------------------------------------
      2422        114       1248          0          0      17819   Library Totals
         8          0          0          0          0          0   (incl. Padding)

    ----------------------------------------------------------------------

      Code (inc. data)   RO Data    RW Data    ZI Data      Debug   Library Name

      1666         88       1248          0          0      17043   driverlib.lib
       748         26          0          0          0        776   mc_w.l

    ----------------------------------------------------------------------
      2422        114       1248          0          0      17819   Library Totals

    ----------------------------------------------------------------------

==============================================================================


      Code (inc. data)   RO Data    RW Data    ZI Data      Debug   

     16732       1970       4420        104      19512     220617   Grand Totals
     16732       1970       4420        104      19512     220617   ELF Image Totals
     16732       1970       4420        104          0          0   ROM Totals

==============================================================================

    Total RO  Size (Code + RO Data)                21152 (  20.66kB)
    Total RW  Size (RW Data + ZI Data)             19616 (  19.16kB)
    Total ROM Size (Code + RO Data + RW Data)      21256 (  20.76kB)

==============================================================================

