<html>
<body>
<pre>
<h1>µVision Build Log</h1>
<h2>Project:</h2>
C:\Users\daniel\Documents\EE445L\EE445L\ValvanoWareTM4C123\ValvanoWareTM4C123\CC3100GetWeather_4C123\getWeather.uvproj
Project File Date:  02/14/2018

<h2>Output:</h2>
Build target 'getWeather'
linking...
Program Size: Code=16732 RO-data=4420 RW-data=104 ZI-data=19512  
After Build - User command #1: fromelf --bin --output .\rvmdk\cc31000_starter.bin .\rvmdk\cc31000_starter.axf
".\rvmdk\getWeather.axf" - 0 Error(s), 0 Warning(s).
</pre>
</body>
</html>
"C:\\Users\\daniel\\Documents\\EE445L\\EE445L\\ValvanoWareTM4C123\\ValvanoWareTM4C123\\CC3100GetWeather_4C123\\rvmdk\\getWeather.axf" 
Connecting: Mode=JTAG, Speed=1000000Hz
Erase Done.
Programming Done.
Verify OK.
ash Download failed  -  Target DLL has been cancelled
Load "C:\\Users\\daniel\\Documents\\EE445L\\EE445L\\ValvanoWareTM4C123\\ValvanoWareTM4C123\\CC3100GetWeather_4C123\\rvmdk\\getWeather.axf" 
Connecting: Mode=JTAG, Speed=1000000Hz
Erase Done.
Programming Done.
Verify OK.
