<html>
<body>
<pre>
<h1>µVision Build Log</h1>
<h2>Project:</h2>
C:\Users\daniel\Documents\EE 445L\Lab1\Lab1.uvproj
Project File Date:  01/28/2018

<h2>Output:</h2>
Build target 'Target 1'
assembling startup.s...
linking...
Program Size: Code=6604 RO-data=4324 RW-data=76 ZI-data=1132  
".\Lab1.axf" - 0 Error(s), 0 Warning(s).
Load "C:\\Users\\daniel\\Documents\\EE 445L\\Lab1\\Lab1.axf" 
Connecting: Mode=JTAG, Speed=1000000Hz
Connection failed!, error code=&d
Error: Flash Download failed  -  Target DLL has been cancelled
Load "C:\\Users\\daniel\\Documents\\EE 445L\\Lab1\\Lab1.axf" 
Connecting: Mode=JTAG, Speed=1000000Hz
Erase Done.
Programming Done.
Verify OK.
</pre>
</body>
</html>
