<html>
<body>
<pre>
<h1>µVision Build Log</h1>
<h2>Project:</h2>
C:\Users\daniel\Documents\EE445L\ValvanoWareTM4C123\ValvanoWareTM4C123\MAX5353_4C123\MAX5353.uvproj
Project File Date:  02/23/2018

<h2>Output:</h2>
Build target 'MAX5353'
compiling MAX5353TestMain.c...
linking...
Program Size: Code=1228 RO-data=80 RW-data=0 ZI-data=1120  
".\MAX5353.axf" - 0 Error(s), 0 Warning(s).
Load "C:\\Users\\daniel\\Documents\\EE445L\\ValvanoWareTM4C123\\ValvanoWareTM4C123\\MAX5353_4C123\\MAX5353.axf" 
Connecting: Mode=JTAG, Speed=1000000Hz
Erase Done.
Programming Done.
Verify OK.
Load "C:\\Users\\daniel\\Documents\\EE445L\\ValvanoWareTM4C123\\ValvanoWareTM4C123\\MAX5353_4C123\\MAX5353.axf" 
Connecting: Mode=JTAG, Speed=1000000Hz
Erase Done.
Programming Done.
Verify OK.
Load "C:\\Users\\daniel\\Documents\\EE445L\\ValvanoWareTM4C123\\ValvanoWareTM4C123\\MAX5353_4C123\\MAX5353.axf" 
Connecting: Mode=JTAG, Speed=1000000Hz
Erase Done.
Programming Done.
Verify OK.
</pre>
</body>
</html>
