<html>
<body>
<pre>
<h1>µVision Build Log</h1>
<h2>Project:</h2>
C:\Users\daniel\Documents\EE 445L\Lab1_Extra Credit\Lab1.uvproj
Project File Date:  01/28/2018

<h2>Output:</h2>
Build target 'Target 1'
assembling assemblyTests.s...
linking...
Program Size: Code=3104 RO-data=16 RW-data=0 ZI-data=1120  
".\Lab1.axf" - 0 Error(s), 0 Warning(s).
</pre>
</body>
</html>
\Lab1.axf" - 0 Error(s), 0 Warning(s).
 A1854E: Unknown opcode 'VLDR.F32', maybe wrong target CPU?
assemblyTests.s(21): error: A1854E: Unknown opcode 'VMOV.F32', maybe wrong target CPU?
assemblyTests.s(22): error: A1854E: Unknown opcode 'VCVT.F32.U32', maybe wrong target CPU?
assemblyTests.s(23): error: A1854E: Unknown opcode 'VMUL.F32', maybe wrong target CPU?
assemblyTests.s(24): error: A1854E: Unknown opcode 'VADD.F32', maybe wrong target CPU?
assemblyTests.s(25): error: A1854E: Unknown opcode 'VSTR.F32', maybe wrong target CPU?
".\Lab1.axf" - 7 Error(s), 0 Warning(s).
Target not created
