ARM Linker, 5.03 [Build 76] [MDK-ARM Lite]

==============================================================================

Section Cross References

    lab1.o(.text) refers to dflt_clz.o(x$fpl$dfltu) for __aeabi_ui2d
    lab1.o(.text) refers to dmul.o(x$fpl$dmul) for __aeabi_dmul
    lab1.o(.text) refers to daddsub_clz.o(x$fpl$dadd) for __aeabi_dadd
    lab1.o(.text) refers to d2f.o(x$fpl$d2f) for __aeabi_d2f
    lab1.o(.text) refers to pll.o(.text) for PLL_Init
    lab1.o(.text) refers to assemblytests.o(.text) for Test4
    startup.o(STACK) refers (Special) to heapauxi.o(.text) for __use_two_region_memory
    startup.o(HEAP) refers (Special) to heapauxi.o(.text) for __use_two_region_memory
    startup.o(RESET) refers (Special) to heapauxi.o(.text) for __use_two_region_memory
    startup.o(RESET) refers to startup.o(STACK) for StackMem
    startup.o(RESET) refers to lab1.o(.text) for main
    startup.o(.text) refers (Special) to heapauxi.o(.text) for __use_two_region_memory
    startup.o(.text) refers to startup.o(HEAP) for HeapMem
    startup.o(.text) refers to startup.o(STACK) for StackMem
    __main.o(!!!main) refers to rtentry.o(.ARM.Collect$$rtentry$$00000000) for __rt_entry
    d2f.o(x$fpl$d2f) refers (Special) to usenofp.o(x$fpl$usenofp) for __I$use$fp
    d2f.o(x$fpl$d2f) refers to fretinf.o(x$fpl$fretinf) for __fpl_fretinf
    d2f.o(x$fpl$d2f) refers to dnaninf.o(x$fpl$dnaninf) for __fpl_dnaninf
    daddsub_clz.o(x$fpl$dadd) refers (Special) to usenofp.o(x$fpl$usenofp) for __I$use$fp
    daddsub_clz.o(x$fpl$dadd) refers to daddsub_clz.o(x$fpl$dsub) for _dsub1
    daddsub_clz.o(x$fpl$dadd) refers to dretinf.o(x$fpl$dretinf) for __fpl_dretinf
    daddsub_clz.o(x$fpl$dadd) refers to dnaninf.o(x$fpl$dnaninf) for __fpl_dnaninf
    daddsub_clz.o(x$fpl$drsb) refers (Special) to usenofp.o(x$fpl$usenofp) for __I$use$fp
    daddsub_clz.o(x$fpl$drsb) refers to daddsub_clz.o(x$fpl$dadd) for _dadd1
    daddsub_clz.o(x$fpl$drsb) refers to daddsub_clz.o(x$fpl$dsub) for _dsub1
    daddsub_clz.o(x$fpl$dsub) refers (Special) to usenofp.o(x$fpl$usenofp) for __I$use$fp
    daddsub_clz.o(x$fpl$dsub) refers to daddsub_clz.o(x$fpl$dadd) for _dadd1
    daddsub_clz.o(x$fpl$dsub) refers to dnaninf.o(x$fpl$dnaninf) for __fpl_dnaninf
    dflt_clz.o(x$fpl$dfltu) refers (Special) to usenofp.o(x$fpl$usenofp) for __I$use$fp
    dflt_clz.o(x$fpl$dflt) refers (Special) to usenofp.o(x$fpl$usenofp) for __I$use$fp
    dflt_clz.o(x$fpl$dfltn) refers (Special) to usenofp.o(x$fpl$usenofp) for __I$use$fp
    dmul.o(x$fpl$dmul) refers (Special) to usenofp.o(x$fpl$usenofp) for __I$use$fp
    dmul.o(x$fpl$dmul) refers to dretinf.o(x$fpl$dretinf) for __fpl_dretinf
    dmul.o(x$fpl$dmul) refers to dnaninf.o(x$fpl$dnaninf) for __fpl_dnaninf
    rtentry.o(.ARM.Collect$$rtentry$$00000000) refers (Special) to rtentry2.o(.ARM.Collect$$rtentry$$0000000A) for __rt_entry_li
    rtentry.o(.ARM.Collect$$rtentry$$00000000) refers (Special) to rtentry2.o(.ARM.Collect$$rtentry$$0000000D) for __rt_entry_main
    rtentry.o(.ARM.Collect$$rtentry$$00000000) refers (Special) to rtentry2.o(.ARM.Collect$$rtentry$$0000000C) for __rt_entry_postli_1
    rtentry.o(.ARM.Collect$$rtentry$$00000000) refers (Special) to rtentry2.o(.ARM.Collect$$rtentry$$00000009) for __rt_entry_postsh_1
    rtentry.o(.ARM.Collect$$rtentry$$00000000) refers (Special) to rtentry2.o(.ARM.Collect$$rtentry$$00000002) for __rt_entry_presh_1
    rtentry.o(.ARM.Collect$$rtentry$$00000000) refers (Special) to rtentry4.o(.ARM.Collect$$rtentry$$00000004) for __rt_entry_sh
    dnaninf.o(x$fpl$dnaninf) refers (Special) to usenofp.o(x$fpl$usenofp) for __I$use$fp
    dretinf.o(x$fpl$dretinf) refers (Special) to usenofp.o(x$fpl$usenofp) for __I$use$fp
    fretinf.o(x$fpl$fretinf) refers (Special) to usenofp.o(x$fpl$usenofp) for __I$use$fp
    rtentry2.o(.ARM.Collect$$rtentry$$00000008) refers to boardinit2.o(.text) for _platform_post_stackheap_init
    rtentry2.o(.ARM.Collect$$rtentry$$0000000A) refers to libinit.o(.ARM.Collect$$libinit$$00000000) for __rt_lib_init
    rtentry2.o(.ARM.Collect$$rtentry$$0000000B) refers to boardinit3.o(.text) for _platform_post_lib_init
    rtentry2.o(.ARM.Collect$$rtentry$$0000000D) refers to lab1.o(.text) for main
    rtentry2.o(.ARM.Collect$$rtentry$$0000000D) refers to exit.o(.text) for exit
    rtentry2.o(.ARM.exidx) refers to rtentry2.o(.ARM.Collect$$rtentry$$00000001) for .ARM.Collect$$rtentry$$00000001
    rtentry2.o(.ARM.exidx) refers to rtentry2.o(.ARM.Collect$$rtentry$$00000008) for .ARM.Collect$$rtentry$$00000008
    rtentry2.o(.ARM.exidx) refers to rtentry2.o(.ARM.Collect$$rtentry$$0000000A) for .ARM.Collect$$rtentry$$0000000A
    rtentry2.o(.ARM.exidx) refers to rtentry2.o(.ARM.Collect$$rtentry$$0000000B) for .ARM.Collect$$rtentry$$0000000B
    rtentry2.o(.ARM.exidx) refers to rtentry2.o(.ARM.Collect$$rtentry$$0000000D) for .ARM.Collect$$rtentry$$0000000D
    rtentry4.o(.ARM.Collect$$rtentry$$00000004) refers to sys_stackheap_outer.o(.text) for __user_setup_stackheap
    rtentry4.o(.ARM.exidx) refers to rtentry4.o(.ARM.Collect$$rtentry$$00000004) for .ARM.Collect$$rtentry$$00000004
    sys_stackheap_outer.o(.text) refers to libspace.o(.text) for __user_perproc_libspace
    sys_stackheap_outer.o(.text) refers to startup.o(.text) for __user_initial_stackheap
    exit.o(.text) refers to rtexit.o(.ARM.Collect$$rtexit$$00000000) for __rt_exit
    libinit.o(.ARM.Collect$$libinit$$00000000) refers (Special) to libinit2.o(.ARM.Collect$$libinit$$0000002C) for __rt_lib_init_alloca_1
    libinit.o(.ARM.Collect$$libinit$$00000000) refers (Special) to libinit2.o(.ARM.Collect$$libinit$$0000002A) for __rt_lib_init_argv_1
    libinit.o(.ARM.Collect$$libinit$$00000000) refers (Special) to libinit2.o(.ARM.Collect$$libinit$$00000019) for __rt_lib_init_atexit_1
    libinit.o(.ARM.Collect$$libinit$$00000000) refers (Special) to libinit2.o(.ARM.Collect$$libinit$$0000001F) for __rt_lib_init_clock_1
    libinit.o(.ARM.Collect$$libinit$$00000000) refers (Special) to libinit2.o(.ARM.Collect$$libinit$$00000030) for __rt_lib_init_cpp_1
    libinit.o(.ARM.Collect$$libinit$$00000000) refers (Special) to libinit2.o(.ARM.Collect$$libinit$$0000002E) for __rt_lib_init_exceptions_1
    libinit.o(.ARM.Collect$$libinit$$00000000) refers (Special) to libinit2.o(.ARM.Collect$$libinit$$00000001) for __rt_lib_init_fp_1
    libinit.o(.ARM.Collect$$libinit$$00000000) refers (Special) to libinit2.o(.ARM.Collect$$libinit$$0000001D) for __rt_lib_init_fp_trap_1
    libinit.o(.ARM.Collect$$libinit$$00000000) refers (Special) to libinit2.o(.ARM.Collect$$libinit$$00000021) for __rt_lib_init_getenv_1
    libinit.o(.ARM.Collect$$libinit$$00000000) refers (Special) to libinit2.o(.ARM.Collect$$libinit$$00000008) for __rt_lib_init_heap_1
    libinit.o(.ARM.Collect$$libinit$$00000000) refers (Special) to libinit2.o(.ARM.Collect$$libinit$$0000000F) for __rt_lib_init_lc_collate_1
    libinit.o(.ARM.Collect$$libinit$$00000000) refers (Special) to libinit2.o(.ARM.Collect$$libinit$$00000011) for __rt_lib_init_lc_ctype_1
    libinit.o(.ARM.Collect$$libinit$$00000000) refers (Special) to libinit2.o(.ARM.Collect$$libinit$$00000013) for __rt_lib_init_lc_monetary_1
    libinit.o(.ARM.Collect$$libinit$$00000000) refers (Special) to libinit2.o(.ARM.Collect$$libinit$$00000015) for __rt_lib_init_lc_numeric_1
    libinit.o(.ARM.Collect$$libinit$$00000000) refers (Special) to libinit2.o(.ARM.Collect$$libinit$$00000017) for __rt_lib_init_lc_time_1
    libinit.o(.ARM.Collect$$libinit$$00000000) refers (Special) to libinit2.o(.ARM.Collect$$libinit$$0000000C) for __rt_lib_init_rand_1
    libinit.o(.ARM.Collect$$libinit$$00000000) refers (Special) to libinit2.o(.ARM.Collect$$libinit$$00000031) for __rt_lib_init_return
    libinit.o(.ARM.Collect$$libinit$$00000000) refers (Special) to libinit2.o(.ARM.Collect$$libinit$$0000001B) for __rt_lib_init_signal_1
    libinit.o(.ARM.Collect$$libinit$$00000000) refers (Special) to libinit2.o(.ARM.Collect$$libinit$$00000023) for __rt_lib_init_stdio_1
    libinit.o(.ARM.Collect$$libinit$$00000000) refers (Special) to libinit2.o(.ARM.Collect$$libinit$$0000000A) for __rt_lib_init_user_alloc_1
    libspace.o(.text) refers to libspace.o(.bss) for __libspace_start
    rtexit.o(.ARM.Collect$$rtexit$$00000000) refers (Special) to rtexit2.o(.ARM.Collect$$rtexit$$00000004) for __rt_exit_exit
    rtexit.o(.ARM.Collect$$rtexit$$00000000) refers (Special) to rtexit2.o(.ARM.Collect$$rtexit$$00000003) for __rt_exit_ls
    rtexit.o(.ARM.Collect$$rtexit$$00000000) refers (Special) to rtexit2.o(.ARM.Collect$$rtexit$$00000002) for __rt_exit_prels_1
    rtexit.o(.ARM.exidx) refers (Special) to rtexit2.o(.ARM.Collect$$rtexit$$00000004) for __rt_exit_exit
    rtexit.o(.ARM.exidx) refers (Special) to rtexit2.o(.ARM.Collect$$rtexit$$00000003) for __rt_exit_ls
    rtexit.o(.ARM.exidx) refers (Special) to rtexit2.o(.ARM.Collect$$rtexit$$00000002) for __rt_exit_prels_1
    rtexit.o(.ARM.exidx) refers to rtexit.o(.ARM.Collect$$rtexit$$00000000) for .ARM.Collect$$rtexit$$00000000
    libinit2.o(.ARM.Collect$$libinit$$00000001) refers to fpinit.o(x$fpl$fpinit) for _fp_init
    libinit2.o(.ARM.Collect$$libinit$$0000000E) refers to libinit2.o(.ARM.Collect$$libinit$$0000000D) for .ARM.Collect$$libinit$$0000000D
    libinit2.o(.ARM.Collect$$libinit$$00000010) refers to libinit2.o(.ARM.Collect$$libinit$$0000000D) for .ARM.Collect$$libinit$$0000000D
    libinit2.o(.ARM.Collect$$libinit$$00000012) refers to libinit2.o(.ARM.Collect$$libinit$$0000000D) for .ARM.Collect$$libinit$$0000000D
    libinit2.o(.ARM.Collect$$libinit$$00000014) refers to libinit2.o(.ARM.Collect$$libinit$$0000000D) for .ARM.Collect$$libinit$$0000000D
    libinit2.o(.ARM.Collect$$libinit$$00000016) refers to libinit2.o(.ARM.Collect$$libinit$$0000000D) for .ARM.Collect$$libinit$$0000000D
    libinit2.o(.ARM.Collect$$libinit$$00000024) refers to argv_veneer.o(.emb_text) for __ARM_argv_veneer
    libinit2.o(.ARM.Collect$$libinit$$00000025) refers to argv_veneer.o(.emb_text) for __ARM_argv_veneer
    rtexit2.o(.ARM.Collect$$rtexit$$00000003) refers to libshutdown.o(.ARM.Collect$$libshutdown$$00000000) for __rt_lib_shutdown
    rtexit2.o(.ARM.Collect$$rtexit$$00000004) refers to sys_exit.o(.text) for _sys_exit
    rtexit2.o(.ARM.exidx) refers to rtexit2.o(.ARM.Collect$$rtexit$$00000001) for .ARM.Collect$$rtexit$$00000001
    rtexit2.o(.ARM.exidx) refers to rtexit2.o(.ARM.Collect$$rtexit$$00000003) for .ARM.Collect$$rtexit$$00000003
    rtexit2.o(.ARM.exidx) refers to rtexit2.o(.ARM.Collect$$rtexit$$00000004) for .ARM.Collect$$rtexit$$00000004
    argv_veneer.o(.emb_text) refers to no_argv.o(.text) for __ARM_get_argv
    sys_exit.o(.text) refers (Special) to use_no_semi.o(.text) for __I$use$semihosting
    sys_exit.o(.text) refers (Special) to indicate_semi.o(.text) for __semihosting_library_function
    _get_argv_nomalloc.o(.text) refers (Special) to hrguard.o(.text) for __heap_region$guard
    _get_argv_nomalloc.o(.text) refers to defsig_rtmem_outer.o(.text) for __rt_SIGRTMEM
    _get_argv_nomalloc.o(.text) refers to sys_command.o(.text) for _sys_command_string
    libshutdown.o(.ARM.Collect$$libshutdown$$00000000) refers (Special) to libshutdown2.o(.ARM.Collect$$libshutdown$$00000006) for __rt_lib_shutdown_fp_trap_1
    libshutdown.o(.ARM.Collect$$libshutdown$$00000000) refers (Special) to libshutdown2.o(.ARM.Collect$$libshutdown$$0000000E) for __rt_lib_shutdown_heap_1
    libshutdown.o(.ARM.Collect$$libshutdown$$00000000) refers (Special) to libshutdown2.o(.ARM.Collect$$libshutdown$$0000000F) for __rt_lib_shutdown_return
    libshutdown.o(.ARM.Collect$$libshutdown$$00000000) refers (Special) to libshutdown2.o(.ARM.Collect$$libshutdown$$00000009) for __rt_lib_shutdown_signal_1
    libshutdown.o(.ARM.Collect$$libshutdown$$00000000) refers (Special) to libshutdown2.o(.ARM.Collect$$libshutdown$$00000003) for __rt_lib_shutdown_stdio_1
    libshutdown.o(.ARM.Collect$$libshutdown$$00000000) refers (Special) to libshutdown2.o(.ARM.Collect$$libshutdown$$0000000B) for __rt_lib_shutdown_user_alloc_1
    sys_command.o(.text) refers (Special) to use_no_semi.o(.text) for __I$use$semihosting
    sys_command.o(.text) refers (Special) to indicate_semi.o(.text) for __semihosting_library_function
    defsig_rtmem_outer.o(.text) refers to defsig_rtmem_inner.o(.text) for __rt_SIGRTMEM_inner
    defsig_rtmem_outer.o(.text) refers to defsig_exit.o(.text) for __sig_exit
    defsig_rtmem_formal.o(.text) refers to rt_raise.o(.text) for __rt_raise
    rt_raise.o(.text) refers to __raise.o(.text) for __raise
    rt_raise.o(.text) refers to sys_exit.o(.text) for _sys_exit
    defsig_exit.o(.text) refers to sys_exit.o(.text) for _sys_exit
    defsig_rtmem_inner.o(.text) refers to defsig_general.o(.text) for __default_signal_display
    __raise.o(.text) refers to defsig.o(CL$$defsig) for __default_signal_handler
    defsig_general.o(.text) refers to sys_wrch.o(.text) for _ttywrch
    sys_wrch.o(.text) refers (Special) to use_no_semi.o(.text) for __I$use$semihosting
    sys_wrch.o(.text) refers (Special) to indicate_semi.o(.text) for __semihosting_library_function
    defsig.o(CL$$defsig) refers to defsig_rtmem_inner.o(.text) for __rt_SIGRTMEM_inner
    defsig_abrt_inner.o(.text) refers to defsig_general.o(.text) for __default_signal_display
    defsig_fpe_inner.o(.text) refers to defsig_general.o(.text) for __default_signal_display
    defsig_rtred_inner.o(.text) refers to defsig_general.o(.text) for __default_signal_display
    defsig_stak_inner.o(.text) refers to defsig_general.o(.text) for __default_signal_display
    defsig_pvfn_inner.o(.text) refers to defsig_general.o(.text) for __default_signal_display
    defsig_cppl_inner.o(.text) refers to defsig_general.o(.text) for __default_signal_display
    defsig_segv_inner.o(.text) refers to defsig_general.o(.text) for __default_signal_display
    defsig_other.o(.text) refers to defsig_general.o(.text) for __default_signal_display


==============================================================================

Image Symbol Table

    Local Symbols

    Symbol Name                              Value     Ov Type        Size  Object(Section)

    RESET                                    0x00000000   Section      660  startup.o(RESET)
    ../clib/angel/boardlib.s                 0x00000000   Number         0  boardinit3.o ABSOLUTE
    ../clib/angel/boardlib.s                 0x00000000   Number         0  boardinit2.o ABSOLUTE
    ../clib/angel/boardlib.s                 0x00000000   Number         0  boardinit1.o ABSOLUTE
    ../clib/angel/boardlib.s                 0x00000000   Number         0  boardshut.o ABSOLUTE
    ../clib/angel/handlers.s                 0x00000000   Number         0  __scatter_zi.o ABSOLUTE
    ../clib/angel/kernel.s                   0x00000000   Number         0  rtexit2.o ABSOLUTE
    ../clib/angel/kernel.s                   0x00000000   Number         0  rtexit.o ABSOLUTE
    ../clib/angel/kernel.s                   0x00000000   Number         0  rtentry.o ABSOLUTE
    ../clib/angel/kernel.s                   0x00000000   Number         0  rtentry4.o ABSOLUTE
    ../clib/angel/kernel.s                   0x00000000   Number         0  rtentry2.o ABSOLUTE
    ../clib/angel/rt.s                       0x00000000   Number         0  rt_raise.o ABSOLUTE
    ../clib/angel/scatter.s                  0x00000000   Number         0  __scatter.o ABSOLUTE
    ../clib/angel/startup.s                  0x00000000   Number         0  __main.o ABSOLUTE
    ../clib/angel/sys.s                      0x00000000   Number         0  libspace.o ABSOLUTE
    ../clib/angel/sys.s                      0x00000000   Number         0  indicate_semi.o ABSOLUTE
    ../clib/angel/sys.s                      0x00000000   Number         0  use_no_semi.o ABSOLUTE
    ../clib/angel/sys.s                      0x00000000   Number         0  sys_stackheap_outer.o ABSOLUTE
    ../clib/angel/sysapp.c                   0x00000000   Number         0  sys_wrch.o ABSOLUTE
    ../clib/angel/sysapp.c                   0x00000000   Number         0  sys_command.o ABSOLUTE
    ../clib/angel/sysapp.c                   0x00000000   Number         0  sys_exit.o ABSOLUTE
    ../clib/armsys.c                         0x00000000   Number         0  _get_argv_nomalloc.o ABSOLUTE
    ../clib/armsys.c                         0x00000000   Number         0  argv_veneer.o ABSOLUTE
    ../clib/armsys.c                         0x00000000   Number         0  no_argv.o ABSOLUTE
    ../clib/armsys.c                         0x00000000   Number         0  argv_veneer.o ABSOLUTE
    ../clib/heapalloc.c                      0x00000000   Number         0  hrguard.o ABSOLUTE
    ../clib/heapaux.c                        0x00000000   Number         0  heapauxi.o ABSOLUTE
    ../clib/libinit.s                        0x00000000   Number         0  libshutdown2.o ABSOLUTE
    ../clib/libinit.s                        0x00000000   Number         0  libinit.o ABSOLUTE
    ../clib/libinit.s                        0x00000000   Number         0  libshutdown.o ABSOLUTE
    ../clib/libinit.s                        0x00000000   Number         0  libinit2.o ABSOLUTE
    ../clib/signal.c                         0x00000000   Number         0  defsig_segv_inner.o ABSOLUTE
    ../clib/signal.c                         0x00000000   Number         0  defsig_other.o ABSOLUTE
    ../clib/signal.c                         0x00000000   Number         0  defsig_abrt_inner.o ABSOLUTE
    ../clib/signal.c                         0x00000000   Number         0  defsig_exit.o ABSOLUTE
    ../clib/signal.c                         0x00000000   Number         0  defsig_rtmem_inner.o ABSOLUTE
    ../clib/signal.c                         0x00000000   Number         0  defsig_rtmem_formal.o ABSOLUTE
    ../clib/signal.c                         0x00000000   Number         0  defsig_rtmem_outer.o ABSOLUTE
    ../clib/signal.c                         0x00000000   Number         0  __raise.o ABSOLUTE
    ../clib/signal.c                         0x00000000   Number         0  defsig_general.o ABSOLUTE
    ../clib/signal.c                         0x00000000   Number         0  defsig_fpe_inner.o ABSOLUTE
    ../clib/signal.c                         0x00000000   Number         0  defsig_rtred_inner.o ABSOLUTE
    ../clib/signal.c                         0x00000000   Number         0  defsig_stak_inner.o ABSOLUTE
    ../clib/signal.c                         0x00000000   Number         0  defsig_pvfn_inner.o ABSOLUTE
    ../clib/signal.c                         0x00000000   Number         0  defsig_cppl_inner.o ABSOLUTE
    ../clib/signal.s                         0x00000000   Number         0  defsig.o ABSOLUTE
    ../clib/stdlib.c                         0x00000000   Number         0  exit.o ABSOLUTE
    ../fplib/d2f.s                           0x00000000   Number         0  d2f.o ABSOLUTE
    ../fplib/daddsub.s                       0x00000000   Number         0  daddsub_clz.o ABSOLUTE
    ../fplib/dflt.s                          0x00000000   Number         0  dflt_clz.o ABSOLUTE
    ../fplib/dmul.s                          0x00000000   Number         0  dmul.o ABSOLUTE
    ../fplib/dnaninf.s                       0x00000000   Number         0  dnaninf.o ABSOLUTE
    ../fplib/dretinf.s                       0x00000000   Number         0  dretinf.o ABSOLUTE
    ../fplib/fpinit.s                        0x00000000   Number         0  fpinit.o ABSOLUTE
    ../fplib/fretinf.s                       0x00000000   Number         0  fretinf.o ABSOLUTE
    ../fplib/usenofp.s                       0x00000000   Number         0  usenofp.o ABSOLUTE
    Lab1.c                                   0x00000000   Number         0  lab1.o ABSOLUTE
    PLL.c                                    0x00000000   Number         0  pll.o ABSOLUTE
    assemblyTests.s                          0x00000000   Number         0  assemblytests.o ABSOLUTE
    dc.s                                     0x00000000   Number         0  dc.o ABSOLUTE
    startup.s                                0x00000000   Number         0  startup.o ABSOLUTE
    $v0                                      0x0000026c   Number         0  startup.o(RESET)
    !!!main                                  0x00000294   Section        8  __main.o(!!!main)
    !!!scatter                               0x0000029c   Section       52  __scatter.o(!!!scatter)
    !!handler_zi                             0x000002d0   Section       28  __scatter_zi.o(!!handler_zi)
    .ARM.Collect$$libinit$$00000000          0x000002ec   Section        2  libinit.o(.ARM.Collect$$libinit$$00000000)
    .ARM.Collect$$libinit$$00000001          0x000002ee   Section        4  libinit2.o(.ARM.Collect$$libinit$$00000001)
    .ARM.Collect$$libinit$$00000008          0x000002f2   Section        0  libinit2.o(.ARM.Collect$$libinit$$00000008)
    .ARM.Collect$$libinit$$0000000A          0x000002f2   Section        0  libinit2.o(.ARM.Collect$$libinit$$0000000A)
    .ARM.Collect$$libinit$$0000000C          0x000002f2   Section        0  libinit2.o(.ARM.Collect$$libinit$$0000000C)
    .ARM.Collect$$libinit$$0000000F          0x000002f2   Section        0  libinit2.o(.ARM.Collect$$libinit$$0000000F)
    .ARM.Collect$$libinit$$00000011          0x000002f2   Section        0  libinit2.o(.ARM.Collect$$libinit$$00000011)
    .ARM.Collect$$libinit$$00000013          0x000002f2   Section        0  libinit2.o(.ARM.Collect$$libinit$$00000013)
    .ARM.Collect$$libinit$$00000015          0x000002f2   Section        0  libinit2.o(.ARM.Collect$$libinit$$00000015)
    .ARM.Collect$$libinit$$00000017          0x000002f2   Section        0  libinit2.o(.ARM.Collect$$libinit$$00000017)
    .ARM.Collect$$libinit$$00000019          0x000002f2   Section        0  libinit2.o(.ARM.Collect$$libinit$$00000019)
    .ARM.Collect$$libinit$$0000001B          0x000002f2   Section        0  libinit2.o(.ARM.Collect$$libinit$$0000001B)
    .ARM.Collect$$libinit$$0000001D          0x000002f2   Section        0  libinit2.o(.ARM.Collect$$libinit$$0000001D)
    .ARM.Collect$$libinit$$0000001F          0x000002f2   Section        0  libinit2.o(.ARM.Collect$$libinit$$0000001F)
    .ARM.Collect$$libinit$$00000021          0x000002f2   Section        0  libinit2.o(.ARM.Collect$$libinit$$00000021)
    .ARM.Collect$$libinit$$00000023          0x000002f2   Section        0  libinit2.o(.ARM.Collect$$libinit$$00000023)
    .ARM.Collect$$libinit$$0000002A          0x000002f2   Section        0  libinit2.o(.ARM.Collect$$libinit$$0000002A)
    .ARM.Collect$$libinit$$0000002C          0x000002f2   Section        0  libinit2.o(.ARM.Collect$$libinit$$0000002C)
    .ARM.Collect$$libinit$$0000002E          0x000002f2   Section        0  libinit2.o(.ARM.Collect$$libinit$$0000002E)
    .ARM.Collect$$libinit$$00000030          0x000002f2   Section        0  libinit2.o(.ARM.Collect$$libinit$$00000030)
    .ARM.Collect$$libinit$$00000031          0x000002f2   Section        2  libinit2.o(.ARM.Collect$$libinit$$00000031)
    .ARM.Collect$$libshutdown$$00000000      0x000002f4   Section        2  libshutdown.o(.ARM.Collect$$libshutdown$$00000000)
    .ARM.Collect$$libshutdown$$00000003      0x000002f6   Section        0  libshutdown2.o(.ARM.Collect$$libshutdown$$00000003)
    .ARM.Collect$$libshutdown$$00000006      0x000002f6   Section        0  libshutdown2.o(.ARM.Collect$$libshutdown$$00000006)
    .ARM.Collect$$libshutdown$$00000009      0x000002f6   Section        0  libshutdown2.o(.ARM.Collect$$libshutdown$$00000009)
    .ARM.Collect$$libshutdown$$0000000B      0x000002f6   Section        0  libshutdown2.o(.ARM.Collect$$libshutdown$$0000000B)
    .ARM.Collect$$libshutdown$$0000000E      0x000002f6   Section        0  libshutdown2.o(.ARM.Collect$$libshutdown$$0000000E)
    .ARM.Collect$$libshutdown$$0000000F      0x000002f6   Section        2  libshutdown2.o(.ARM.Collect$$libshutdown$$0000000F)
    .ARM.Collect$$rtentry$$00000000          0x000002f8   Section        0  rtentry.o(.ARM.Collect$$rtentry$$00000000)
    .ARM.Collect$$rtentry$$00000002          0x000002f8   Section        0  rtentry2.o(.ARM.Collect$$rtentry$$00000002)
    .ARM.Collect$$rtentry$$00000004          0x000002f8   Section        6  rtentry4.o(.ARM.Collect$$rtentry$$00000004)
    .ARM.Collect$$rtentry$$00000009          0x000002fe   Section        0  rtentry2.o(.ARM.Collect$$rtentry$$00000009)
    .ARM.Collect$$rtentry$$0000000A          0x000002fe   Section        4  rtentry2.o(.ARM.Collect$$rtentry$$0000000A)
    .ARM.Collect$$rtentry$$0000000C          0x00000302   Section        0  rtentry2.o(.ARM.Collect$$rtentry$$0000000C)
    .ARM.Collect$$rtentry$$0000000D          0x00000302   Section        8  rtentry2.o(.ARM.Collect$$rtentry$$0000000D)
    .ARM.Collect$$rtexit$$00000000           0x0000030a   Section        2  rtexit.o(.ARM.Collect$$rtexit$$00000000)
    .ARM.Collect$$rtexit$$00000002           0x0000030c   Section        0  rtexit2.o(.ARM.Collect$$rtexit$$00000002)
    .ARM.Collect$$rtexit$$00000003           0x0000030c   Section        4  rtexit2.o(.ARM.Collect$$rtexit$$00000003)
    .ARM.Collect$$rtexit$$00000004           0x00000310   Section        6  rtexit2.o(.ARM.Collect$$rtexit$$00000004)
    .text                                    0x00000318   Section        0  lab1.o(.text)
    .text                                    0x000004b4   Section        0  pll.o(.text)
    .text                                    0x00000530   Section       48  startup.o(.text)
    $v0                                      0x00000530   Number         0  startup.o(.text)
    .text                                    0x00000560   Section      140  assemblytests.o(.text)
    T                                        0x00000560   Data           4  assemblytests.o(.text)
    N                                        0x00000564   Data           4  assemblytests.o(.text)
    $v0                                      0x00000568   Number         0  assemblytests.o(.text)
    A                                        0x0000059a   Data           4  assemblytests.o(.text)
    C                                        0x0000059e   Data           4  assemblytests.o(.text)
    .text                                    0x000005ec   Section        0  heapauxi.o(.text)
    .text                                    0x000005f2   Section       74  sys_stackheap_outer.o(.text)
    .text                                    0x0000063c   Section        0  exit.o(.text)
    .text                                    0x00000648   Section        8  libspace.o(.text)
    .text                                    0x00000650   Section        0  sys_exit.o(.text)
    .text                                    0x0000065c   Section        2  use_no_semi.o(.text)
    .text                                    0x0000065e   Section        0  indicate_semi.o(.text)
    x$fpl$d2f                                0x00000660   Section       98  d2f.o(x$fpl$d2f)
    $v0                                      0x00000660   Number         0  d2f.o(x$fpl$d2f)
    x$fpl$dadd                               0x000006c4   Section      336  daddsub_clz.o(x$fpl$dadd)
    $v0                                      0x000006c4   Number         0  daddsub_clz.o(x$fpl$dadd)
    _dadd1                                   0x000006d5   Thumb Code     0  daddsub_clz.o(x$fpl$dadd)
    x$fpl$dfltu                              0x00000814   Section       38  dflt_clz.o(x$fpl$dfltu)
    $v0                                      0x00000814   Number         0  dflt_clz.o(x$fpl$dfltu)
    x$fpl$dmul                               0x0000083c   Section      340  dmul.o(x$fpl$dmul)
    $v0                                      0x0000083c   Number         0  dmul.o(x$fpl$dmul)
    x$fpl$dnaninf                            0x00000990   Section      156  dnaninf.o(x$fpl$dnaninf)
    $v0                                      0x00000990   Number         0  dnaninf.o(x$fpl$dnaninf)
    x$fpl$dretinf                            0x00000a2c   Section       12  dretinf.o(x$fpl$dretinf)
    $v0                                      0x00000a2c   Number         0  dretinf.o(x$fpl$dretinf)
    x$fpl$dsub                               0x00000a38   Section      468  daddsub_clz.o(x$fpl$dsub)
    $v0                                      0x00000a38   Number         0  daddsub_clz.o(x$fpl$dsub)
    _dsub1                                   0x00000a49   Thumb Code     0  daddsub_clz.o(x$fpl$dsub)
    x$fpl$fpinit                             0x00000c0c   Section       10  fpinit.o(x$fpl$fpinit)
    $v0                                      0x00000c0c   Number         0  fpinit.o(x$fpl$fpinit)
    x$fpl$fretinf                            0x00000c16   Section       10  fretinf.o(x$fpl$fretinf)
    $v0                                      0x00000c16   Number         0  fretinf.o(x$fpl$fretinf)
    x$fpl$usenofp                            0x00000c20   Section        0  usenofp.o(x$fpl$usenofp)
    .bss                                     0x20000000   Section       96  libspace.o(.bss)
    HEAP                                     0x20000060   Section        0  startup.o(HEAP)
    STACK                                    0x20000060   Section     1024  startup.o(STACK)
    HeapMem                                  0x20000060   Data           0  startup.o(HEAP)
    StackMem                                 0x20000060   Data           0  startup.o(STACK)

    Global Symbols

    Symbol Name                              Value     Ov Type        Size  Object(Section)

    BuildAttributes$$THM_ISAv4$E$P$D$K$B$S$7EM$VFPi3$EXTD16$VFPS$VFMA$PE$A:L22UL41UL21$X:L11$S22US41US21$IEEE1$IW$USESV6$~STKCKD$USESV7$~SHL$OSPACE$ROPI$EBA8$UX$STANDARDLIB$REQ8$PRES8$EABIv2 0x00000000   Number         0  anon$$obj.o ABSOLUTE
    __ARM_use_no_argv                        0x00000000   Number         0  lab1.o ABSOLUTE
    __Vectors                                0x00000000   Data           0  startup.o(RESET)
    __ARM_exceptions_init                     - Undefined Weak Reference
    __alloca_initialize                       - Undefined Weak Reference
    __cpp_initialize__aeabi_                  - Undefined Weak Reference
    __cxa_finalize                            - Undefined Weak Reference
    __rt_locale                               - Undefined Weak Reference
    __sigvec_lookup                           - Undefined Weak Reference
    _atexit_init                              - Undefined Weak Reference
    _call_atexit_fns                          - Undefined Weak Reference
    _clock_init                               - Undefined Weak Reference
    _fp_trap_init                             - Undefined Weak Reference
    _fp_trap_shutdown                         - Undefined Weak Reference
    _get_lc_collate                           - Undefined Weak Reference
    _get_lc_ctype                             - Undefined Weak Reference
    _get_lc_monetary                          - Undefined Weak Reference
    _get_lc_numeric                           - Undefined Weak Reference
    _get_lc_time                              - Undefined Weak Reference
    _getenv_init                              - Undefined Weak Reference
    _handle_redirection                       - Undefined Weak Reference
    _init_alloc                               - Undefined Weak Reference
    _init_user_alloc                          - Undefined Weak Reference
    _initio                                   - Undefined Weak Reference
    _rand_init                                - Undefined Weak Reference
    _signal_finish                            - Undefined Weak Reference
    _signal_init                              - Undefined Weak Reference
    _terminate_alloc                          - Undefined Weak Reference
    _terminate_user_alloc                     - Undefined Weak Reference
    _terminateio                              - Undefined Weak Reference
    Reset_Handler                            0x0000026d   Thumb Code     0  startup.o(RESET)
    NMI_Handler                              0x00000281   Thumb Code     2  startup.o(RESET)
    HardFault_Handler                        0x00000283   Thumb Code     2  startup.o(RESET)
    MemManage_Handler                        0x00000285   Thumb Code     2  startup.o(RESET)
    BusFault_Handler                         0x00000287   Thumb Code     2  startup.o(RESET)
    UsageFault_Handler                       0x00000289   Thumb Code     2  startup.o(RESET)
    SVC_Handler                              0x0000028b   Thumb Code     2  startup.o(RESET)
    DebugMon_Handler                         0x0000028d   Thumb Code     2  startup.o(RESET)
    PendSV_Handler                           0x0000028f   Thumb Code     2  startup.o(RESET)
    SysTick_Handler                          0x00000291   Thumb Code     2  startup.o(RESET)
    ADC0Seq0_Handler                         0x00000293   Thumb Code     0  startup.o(RESET)
    ADC0Seq1_Handler                         0x00000293   Thumb Code     0  startup.o(RESET)
    ADC0Seq2_Handler                         0x00000293   Thumb Code     0  startup.o(RESET)
    ADC0Seq3_Handler                         0x00000293   Thumb Code     0  startup.o(RESET)
    ADC1Seq0_Handler                         0x00000293   Thumb Code     0  startup.o(RESET)
    ADC1Seq1_Handler                         0x00000293   Thumb Code     0  startup.o(RESET)
    ADC1Seq2_Handler                         0x00000293   Thumb Code     0  startup.o(RESET)
    ADC1Seq3_Handler                         0x00000293   Thumb Code     0  startup.o(RESET)
    CAN0_Handler                             0x00000293   Thumb Code     0  startup.o(RESET)
    CAN1_Handler                             0x00000293   Thumb Code     0  startup.o(RESET)
    CAN2_Handler                             0x00000293   Thumb Code     0  startup.o(RESET)
    Comp0_Handler                            0x00000293   Thumb Code     0  startup.o(RESET)
    Comp1_Handler                            0x00000293   Thumb Code     0  startup.o(RESET)
    Comp2_Handler                            0x00000293   Thumb Code     0  startup.o(RESET)
    Ethernet_Handler                         0x00000293   Thumb Code     0  startup.o(RESET)
    ExtBus_Handler                           0x00000293   Thumb Code     0  startup.o(RESET)
    FPU_Handler                              0x00000293   Thumb Code     0  startup.o(RESET)
    Fan0_Handler                             0x00000293   Thumb Code     0  startup.o(RESET)
    FlashCtl_Handler                         0x00000293   Thumb Code     0  startup.o(RESET)
    GPIOPortA_Handler                        0x00000293   Thumb Code     0  startup.o(RESET)
    GPIOPortB_Handler                        0x00000293   Thumb Code     0  startup.o(RESET)
    GPIOPortC_Handler                        0x00000293   Thumb Code     0  startup.o(RESET)
    GPIOPortD_Handler                        0x00000293   Thumb Code     0  startup.o(RESET)
    GPIOPortE_Handler                        0x00000293   Thumb Code     0  startup.o(RESET)
    GPIOPortF_Handler                        0x00000293   Thumb Code     0  startup.o(RESET)
    GPIOPortG_Handler                        0x00000293   Thumb Code     0  startup.o(RESET)
    GPIOPortH_Handler                        0x00000293   Thumb Code     0  startup.o(RESET)
    GPIOPortJ_Handler                        0x00000293   Thumb Code     0  startup.o(RESET)
    GPIOPortK_Handler                        0x00000293   Thumb Code     0  startup.o(RESET)
    GPIOPortL_Handler                        0x00000293   Thumb Code     0  startup.o(RESET)
    GPIOPortM_Handler                        0x00000293   Thumb Code     0  startup.o(RESET)
    GPIOPortN_Handler                        0x00000293   Thumb Code     0  startup.o(RESET)
    GPIOPortP1_Handler                       0x00000293   Thumb Code     0  startup.o(RESET)
    GPIOPortP2_Handler                       0x00000293   Thumb Code     0  startup.o(RESET)
    GPIOPortP3_Handler                       0x00000293   Thumb Code     0  startup.o(RESET)
    GPIOPortP4_Handler                       0x00000293   Thumb Code     0  startup.o(RESET)
    GPIOPortP5_Handler                       0x00000293   Thumb Code     0  startup.o(RESET)
    GPIOPortP6_Handler                       0x00000293   Thumb Code     0  startup.o(RESET)
    GPIOPortP7_Handler                       0x00000293   Thumb Code     0  startup.o(RESET)
    GPIOPortP_Handler                        0x00000293   Thumb Code     0  startup.o(RESET)
    GPIOPortQ1_Handler                       0x00000293   Thumb Code     0  startup.o(RESET)
    GPIOPortQ2_Handler                       0x00000293   Thumb Code     0  startup.o(RESET)
    GPIOPortQ3_Handler                       0x00000293   Thumb Code     0  startup.o(RESET)
    GPIOPortQ4_Handler                       0x00000293   Thumb Code     0  startup.o(RESET)
    GPIOPortQ5_Handler                       0x00000293   Thumb Code     0  startup.o(RESET)
    GPIOPortQ6_Handler                       0x00000293   Thumb Code     0  startup.o(RESET)
    GPIOPortQ7_Handler                       0x00000293   Thumb Code     0  startup.o(RESET)
    GPIOPortQ_Handler                        0x00000293   Thumb Code     0  startup.o(RESET)
    GPIOPortR_Handler                        0x00000293   Thumb Code     0  startup.o(RESET)
    GPIOPortS_Handler                        0x00000293   Thumb Code     0  startup.o(RESET)
    Hibernate_Handler                        0x00000293   Thumb Code     0  startup.o(RESET)
    I2C0_Handler                             0x00000293   Thumb Code     0  startup.o(RESET)
    I2C1_Handler                             0x00000293   Thumb Code     0  startup.o(RESET)
    I2C2_Handler                             0x00000293   Thumb Code     0  startup.o(RESET)
    I2C3_Handler                             0x00000293   Thumb Code     0  startup.o(RESET)
    I2C4_Handler                             0x00000293   Thumb Code     0  startup.o(RESET)
    I2C5_Handler                             0x00000293   Thumb Code     0  startup.o(RESET)
    I2S0_Handler                             0x00000293   Thumb Code     0  startup.o(RESET)
    LPC0_Handler                             0x00000293   Thumb Code     0  startup.o(RESET)
    PECI0_Handler                            0x00000293   Thumb Code     0  startup.o(RESET)
    PWM0Fault_Handler                        0x00000293   Thumb Code     0  startup.o(RESET)
    PWM0Generator0_Handler                   0x00000293   Thumb Code     0  startup.o(RESET)
    PWM0Generator1_Handler                   0x00000293   Thumb Code     0  startup.o(RESET)
    PWM0Generator2_Handler                   0x00000293   Thumb Code     0  startup.o(RESET)
    PWM0Generator3_Handler                   0x00000293   Thumb Code     0  startup.o(RESET)
    PWM1Fault_Handler                        0x00000293   Thumb Code     0  startup.o(RESET)
    PWM1Generator0_Handler                   0x00000293   Thumb Code     0  startup.o(RESET)
    PWM1Generator1_Handler                   0x00000293   Thumb Code     0  startup.o(RESET)
    PWM1Generator2_Handler                   0x00000293   Thumb Code     0  startup.o(RESET)
    PWM1Generator3_Handler                   0x00000293   Thumb Code     0  startup.o(RESET)
    Quadrature0_Handler                      0x00000293   Thumb Code     0  startup.o(RESET)
    Quadrature1_Handler                      0x00000293   Thumb Code     0  startup.o(RESET)
    Quadrature2_Handler                      0x00000293   Thumb Code     0  startup.o(RESET)
    SSI0_Handler                             0x00000293   Thumb Code     0  startup.o(RESET)
    SSI1_Handler                             0x00000293   Thumb Code     0  startup.o(RESET)
    SSI2_Handler                             0x00000293   Thumb Code     0  startup.o(RESET)
    SSI3_Handler                             0x00000293   Thumb Code     0  startup.o(RESET)
    SysCtl_Handler                           0x00000293   Thumb Code     0  startup.o(RESET)
    Timer0A_Handler                          0x00000293   Thumb Code     0  startup.o(RESET)
    Timer0B_Handler                          0x00000293   Thumb Code     0  startup.o(RESET)
    Timer1A_Handler                          0x00000293   Thumb Code     0  startup.o(RESET)
    Timer1B_Handler                          0x00000293   Thumb Code     0  startup.o(RESET)
    Timer2A_Handler                          0x00000293   Thumb Code     0  startup.o(RESET)
    Timer2B_Handler                          0x00000293   Thumb Code     0  startup.o(RESET)
    Timer3A_Handler                          0x00000293   Thumb Code     0  startup.o(RESET)
    Timer3B_Handler                          0x00000293   Thumb Code     0  startup.o(RESET)
    Timer4A_Handler                          0x00000293   Thumb Code     0  startup.o(RESET)
    Timer4B_Handler                          0x00000293   Thumb Code     0  startup.o(RESET)
    Timer5A_Handler                          0x00000293   Thumb Code     0  startup.o(RESET)
    Timer5B_Handler                          0x00000293   Thumb Code     0  startup.o(RESET)
    UART0_Handler                            0x00000293   Thumb Code     0  startup.o(RESET)
    UART1_Handler                            0x00000293   Thumb Code     0  startup.o(RESET)
    UART2_Handler                            0x00000293   Thumb Code     0  startup.o(RESET)
    UART3_Handler                            0x00000293   Thumb Code     0  startup.o(RESET)
    UART4_Handler                            0x00000293   Thumb Code     0  startup.o(RESET)
    UART5_Handler                            0x00000293   Thumb Code     0  startup.o(RESET)
    UART6_Handler                            0x00000293   Thumb Code     0  startup.o(RESET)
    UART7_Handler                            0x00000293   Thumb Code     0  startup.o(RESET)
    USB0_Handler                             0x00000293   Thumb Code     0  startup.o(RESET)
    WDT_Handler                              0x00000293   Thumb Code     0  startup.o(RESET)
    WideTimer0A_Handler                      0x00000293   Thumb Code     0  startup.o(RESET)
    WideTimer0B_Handler                      0x00000293   Thumb Code     0  startup.o(RESET)
    WideTimer1A_Handler                      0x00000293   Thumb Code     0  startup.o(RESET)
    WideTimer1B_Handler                      0x00000293   Thumb Code     0  startup.o(RESET)
    WideTimer2A_Handler                      0x00000293   Thumb Code     0  startup.o(RESET)
    WideTimer2B_Handler                      0x00000293   Thumb Code     0  startup.o(RESET)
    WideTimer3A_Handler                      0x00000293   Thumb Code     0  startup.o(RESET)
    WideTimer3B_Handler                      0x00000293   Thumb Code     0  startup.o(RESET)
    WideTimer4A_Handler                      0x00000293   Thumb Code     0  startup.o(RESET)
    WideTimer4B_Handler                      0x00000293   Thumb Code     0  startup.o(RESET)
    WideTimer5A_Handler                      0x00000293   Thumb Code     0  startup.o(RESET)
    WideTimer5B_Handler                      0x00000293   Thumb Code     0  startup.o(RESET)
    uDMA_Error                               0x00000293   Thumb Code     0  startup.o(RESET)
    uDMA_Handler                             0x00000293   Thumb Code     0  startup.o(RESET)
    __main                                   0x00000295   Thumb Code     8  __main.o(!!!main)
    __scatterload                            0x0000029d   Thumb Code     0  __scatter.o(!!!scatter)
    __scatterload_rt2                        0x0000029d   Thumb Code    44  __scatter.o(!!!scatter)
    __scatterload_rt2_thumb_only             0x0000029d   Thumb Code     0  __scatter.o(!!!scatter)
    __scatterload_null                       0x000002ab   Thumb Code     0  __scatter.o(!!!scatter)
    __scatterload_zeroinit                   0x000002d1   Thumb Code    28  __scatter_zi.o(!!handler_zi)
    __rt_lib_init                            0x000002ed   Thumb Code     0  libinit.o(.ARM.Collect$$libinit$$00000000)
    __rt_lib_init_fp_1                       0x000002ef   Thumb Code     0  libinit2.o(.ARM.Collect$$libinit$$00000001)
    __rt_lib_init_alloca_1                   0x000002f3   Thumb Code     0  libinit2.o(.ARM.Collect$$libinit$$0000002C)
    __rt_lib_init_argv_1                     0x000002f3   Thumb Code     0  libinit2.o(.ARM.Collect$$libinit$$0000002A)
    __rt_lib_init_atexit_1                   0x000002f3   Thumb Code     0  libinit2.o(.ARM.Collect$$libinit$$00000019)
    __rt_lib_init_clock_1                    0x000002f3   Thumb Code     0  libinit2.o(.ARM.Collect$$libinit$$0000001F)
    __rt_lib_init_cpp_1                      0x000002f3   Thumb Code     0  libinit2.o(.ARM.Collect$$libinit$$00000030)
    __rt_lib_init_exceptions_1               0x000002f3   Thumb Code     0  libinit2.o(.ARM.Collect$$libinit$$0000002E)
    __rt_lib_init_fp_trap_1                  0x000002f3   Thumb Code     0  libinit2.o(.ARM.Collect$$libinit$$0000001D)
    __rt_lib_init_getenv_1                   0x000002f3   Thumb Code     0  libinit2.o(.ARM.Collect$$libinit$$00000021)
    __rt_lib_init_heap_1                     0x000002f3   Thumb Code     0  libinit2.o(.ARM.Collect$$libinit$$00000008)
    __rt_lib_init_lc_collate_1               0x000002f3   Thumb Code     0  libinit2.o(.ARM.Collect$$libinit$$0000000F)
    __rt_lib_init_lc_ctype_1                 0x000002f3   Thumb Code     0  libinit2.o(.ARM.Collect$$libinit$$00000011)
    __rt_lib_init_lc_monetary_1              0x000002f3   Thumb Code     0  libinit2.o(.ARM.Collect$$libinit$$00000013)
    __rt_lib_init_lc_numeric_1               0x000002f3   Thumb Code     0  libinit2.o(.ARM.Collect$$libinit$$00000015)
    __rt_lib_init_lc_time_1                  0x000002f3   Thumb Code     0  libinit2.o(.ARM.Collect$$libinit$$00000017)
    __rt_lib_init_rand_1                     0x000002f3   Thumb Code     0  libinit2.o(.ARM.Collect$$libinit$$0000000C)
    __rt_lib_init_return                     0x000002f3   Thumb Code     0  libinit2.o(.ARM.Collect$$libinit$$00000031)
    __rt_lib_init_signal_1                   0x000002f3   Thumb Code     0  libinit2.o(.ARM.Collect$$libinit$$0000001B)
    __rt_lib_init_stdio_1                    0x000002f3   Thumb Code     0  libinit2.o(.ARM.Collect$$libinit$$00000023)
    __rt_lib_init_user_alloc_1               0x000002f3   Thumb Code     0  libinit2.o(.ARM.Collect$$libinit$$0000000A)
    __rt_lib_shutdown                        0x000002f5   Thumb Code     0  libshutdown.o(.ARM.Collect$$libshutdown$$00000000)
    __rt_lib_shutdown_fp_trap_1              0x000002f7   Thumb Code     0  libshutdown2.o(.ARM.Collect$$libshutdown$$00000006)
    __rt_lib_shutdown_heap_1                 0x000002f7   Thumb Code     0  libshutdown2.o(.ARM.Collect$$libshutdown$$0000000E)
    __rt_lib_shutdown_return                 0x000002f7   Thumb Code     0  libshutdown2.o(.ARM.Collect$$libshutdown$$0000000F)
    __rt_lib_shutdown_signal_1               0x000002f7   Thumb Code     0  libshutdown2.o(.ARM.Collect$$libshutdown$$00000009)
    __rt_lib_shutdown_stdio_1                0x000002f7   Thumb Code     0  libshutdown2.o(.ARM.Collect$$libshutdown$$00000003)
    __rt_lib_shutdown_user_alloc_1           0x000002f7   Thumb Code     0  libshutdown2.o(.ARM.Collect$$libshutdown$$0000000B)
    __rt_entry                               0x000002f9   Thumb Code     0  rtentry.o(.ARM.Collect$$rtentry$$00000000)
    __rt_entry_presh_1                       0x000002f9   Thumb Code     0  rtentry2.o(.ARM.Collect$$rtentry$$00000002)
    __rt_entry_sh                            0x000002f9   Thumb Code     0  rtentry4.o(.ARM.Collect$$rtentry$$00000004)
    __rt_entry_li                            0x000002ff   Thumb Code     0  rtentry2.o(.ARM.Collect$$rtentry$$0000000A)
    __rt_entry_postsh_1                      0x000002ff   Thumb Code     0  rtentry2.o(.ARM.Collect$$rtentry$$00000009)
    __rt_entry_main                          0x00000303   Thumb Code     0  rtentry2.o(.ARM.Collect$$rtentry$$0000000D)
    __rt_entry_postli_1                      0x00000303   Thumb Code     0  rtentry2.o(.ARM.Collect$$rtentry$$0000000C)
    __rt_exit                                0x0000030b   Thumb Code     0  rtexit.o(.ARM.Collect$$rtexit$$00000000)
    __rt_exit_ls                             0x0000030d   Thumb Code     0  rtexit2.o(.ARM.Collect$$rtexit$$00000003)
    __rt_exit_prels_1                        0x0000030d   Thumb Code     0  rtexit2.o(.ARM.Collect$$rtexit$$00000002)
    __rt_exit_exit                           0x00000311   Thumb Code     0  rtexit2.o(.ARM.Collect$$rtexit$$00000004)
    Test1                                    0x00000319   Thumb Code   122  lab1.o(.text)
    Test2                                    0x00000393   Thumb Code    48  lab1.o(.text)
    DelayWait10ms                            0x000003c3   Thumb Code    32  lab1.o(.text)
    PortF_Init                               0x000003e3   Thumb Code   110  lab1.o(.text)
    main                                     0x00000451   Thumb Code    22  lab1.o(.text)
    Pause                                    0x00000467   Thumb Code    36  lab1.o(.text)
    PLL_Init                                 0x000004b5   Thumb Code   118  pll.o(.text)
    DisableInterrupts                        0x00000531   Thumb Code     0  startup.o(.text)
    EnableInterrupts                         0x00000535   Thumb Code     0  startup.o(.text)
    StartCritical                            0x00000539   Thumb Code     0  startup.o(.text)
    EndCritical                              0x00000541   Thumb Code     0  startup.o(.text)
    WaitForInterrupt                         0x00000547   Thumb Code     0  startup.o(.text)
    __user_initial_stackheap                 0x0000054b   Thumb Code     0  startup.o(.text)
    Test3                                    0x00000569   Thumb Code     0  assemblytests.o(.text)
    Test4                                    0x000005a3   Thumb Code     0  assemblytests.o(.text)
    __use_two_region_memory                  0x000005ed   Thumb Code     2  heapauxi.o(.text)
    __rt_heap_escrow$2region                 0x000005ef   Thumb Code     2  heapauxi.o(.text)
    __rt_heap_expand$2region                 0x000005f1   Thumb Code     2  heapauxi.o(.text)
    __user_setup_stackheap                   0x000005f3   Thumb Code    74  sys_stackheap_outer.o(.text)
    exit                                     0x0000063d   Thumb Code    12  exit.o(.text)
    __user_libspace                          0x00000649   Thumb Code     8  libspace.o(.text)
    __user_perproc_libspace                  0x00000649   Thumb Code     0  libspace.o(.text)
    __user_perthread_libspace                0x00000649   Thumb Code     0  libspace.o(.text)
    _sys_exit                                0x00000651   Thumb Code     8  sys_exit.o(.text)
    __I$use$semihosting                      0x0000065d   Thumb Code     0  use_no_semi.o(.text)
    __use_no_semihosting_swi                 0x0000065d   Thumb Code     2  use_no_semi.o(.text)
    __semihosting_library_function           0x0000065f   Thumb Code     0  indicate_semi.o(.text)
    __aeabi_d2f                              0x00000661   Thumb Code     0  d2f.o(x$fpl$d2f)
    _d2f                                     0x00000661   Thumb Code    98  d2f.o(x$fpl$d2f)
    __aeabi_dadd                             0x000006c5   Thumb Code     0  daddsub_clz.o(x$fpl$dadd)
    _dadd                                    0x000006c5   Thumb Code   332  daddsub_clz.o(x$fpl$dadd)
    __aeabi_ui2d                             0x00000815   Thumb Code     0  dflt_clz.o(x$fpl$dfltu)
    _dfltu                                   0x00000815   Thumb Code    38  dflt_clz.o(x$fpl$dfltu)
    __aeabi_dmul                             0x0000083d   Thumb Code     0  dmul.o(x$fpl$dmul)
    _dmul                                    0x0000083d   Thumb Code   332  dmul.o(x$fpl$dmul)
    __fpl_dnaninf                            0x00000991   Thumb Code   156  dnaninf.o(x$fpl$dnaninf)
    __fpl_dretinf                            0x00000a2d   Thumb Code    12  dretinf.o(x$fpl$dretinf)
    __aeabi_dsub                             0x00000a39   Thumb Code     0  daddsub_clz.o(x$fpl$dsub)
    _dsub                                    0x00000a39   Thumb Code   464  daddsub_clz.o(x$fpl$dsub)
    _fp_init                                 0x00000c0d   Thumb Code    10  fpinit.o(x$fpl$fpinit)
    __fplib_config_fpu_vfp                   0x00000c15   Thumb Code     0  fpinit.o(x$fpl$fpinit)
    __fplib_config_pureend_doubles           0x00000c15   Thumb Code     0  fpinit.o(x$fpl$fpinit)
    __fpl_fretinf                            0x00000c17   Thumb Code    10  fretinf.o(x$fpl$fretinf)
    Region$$Table$$Base                      0x00000c20   Number         0  anon$$obj.o(Region$$Table)
    __I$use$fp                               0x00000c20   Number         0  usenofp.o(x$fpl$usenofp)
    Region$$Table$$Limit                     0x00000c30   Number         0  anon$$obj.o(Region$$Table)
    __libspace_start                         0x20000000   Data          96  libspace.o(.bss)
    __temporary_stack_top$libspace           0x20000060   Data           0  libspace.o(.bss)



==============================================================================

Memory Map of the image

  Image Entry point : 0x0000026d

  Load Region LR_1 (Base: 0x00000000, Size: 0x00000c30, Max: 0xffffffff, ABSOLUTE)

    Execution Region ER_RO (Base: 0x00000000, Size: 0x00000c30, Max: 0xffffffff, ABSOLUTE)

    Base Addr    Size         Type   Attr      Idx    E Section Name        Object

    0x00000000   0x00000294   Code   RO           45  * RESET               startup.o
    0x00000294   0x00000008   Code   RO           60  * !!!main             c_w.l(__main.o)
    0x0000029c   0x00000034   Code   RO          237    !!!scatter          c_w.l(__scatter.o)
    0x000002d0   0x0000001c   Code   RO          239    !!handler_zi        c_w.l(__scatter_zi.o)
    0x000002ec   0x00000002   Code   RO          110    .ARM.Collect$$libinit$$00000000  c_w.l(libinit.o)
    0x000002ee   0x00000004   Code   RO          116    .ARM.Collect$$libinit$$00000001  c_w.l(libinit2.o)
    0x000002f2   0x00000000   Code   RO          120    .ARM.Collect$$libinit$$00000008  c_w.l(libinit2.o)
    0x000002f2   0x00000000   Code   RO          122    .ARM.Collect$$libinit$$0000000A  c_w.l(libinit2.o)
    0x000002f2   0x00000000   Code   RO          124    .ARM.Collect$$libinit$$0000000C  c_w.l(libinit2.o)
    0x000002f2   0x00000000   Code   RO          127    .ARM.Collect$$libinit$$0000000F  c_w.l(libinit2.o)
    0x000002f2   0x00000000   Code   RO          129    .ARM.Collect$$libinit$$00000011  c_w.l(libinit2.o)
    0x000002f2   0x00000000   Code   RO          131    .ARM.Collect$$libinit$$00000013  c_w.l(libinit2.o)
    0x000002f2   0x00000000   Code   RO          133    .ARM.Collect$$libinit$$00000015  c_w.l(libinit2.o)
    0x000002f2   0x00000000   Code   RO          135    .ARM.Collect$$libinit$$00000017  c_w.l(libinit2.o)
    0x000002f2   0x00000000   Code   RO          137    .ARM.Collect$$libinit$$00000019  c_w.l(libinit2.o)
    0x000002f2   0x00000000   Code   RO          139    .ARM.Collect$$libinit$$0000001B  c_w.l(libinit2.o)
    0x000002f2   0x00000000   Code   RO          141    .ARM.Collect$$libinit$$0000001D  c_w.l(libinit2.o)
    0x000002f2   0x00000000   Code   RO          143    .ARM.Collect$$libinit$$0000001F  c_w.l(libinit2.o)
    0x000002f2   0x00000000   Code   RO          145    .ARM.Collect$$libinit$$00000021  c_w.l(libinit2.o)
    0x000002f2   0x00000000   Code   RO          147    .ARM.Collect$$libinit$$00000023  c_w.l(libinit2.o)
    0x000002f2   0x00000000   Code   RO          151    .ARM.Collect$$libinit$$0000002A  c_w.l(libinit2.o)
    0x000002f2   0x00000000   Code   RO          153    .ARM.Collect$$libinit$$0000002C  c_w.l(libinit2.o)
    0x000002f2   0x00000000   Code   RO          155    .ARM.Collect$$libinit$$0000002E  c_w.l(libinit2.o)
    0x000002f2   0x00000000   Code   RO          157    .ARM.Collect$$libinit$$00000030  c_w.l(libinit2.o)
    0x000002f2   0x00000002   Code   RO          158    .ARM.Collect$$libinit$$00000031  c_w.l(libinit2.o)
    0x000002f4   0x00000002   Code   RO          178    .ARM.Collect$$libshutdown$$00000000  c_w.l(libshutdown.o)
    0x000002f6   0x00000000   Code   RO          192    .ARM.Collect$$libshutdown$$00000003  c_w.l(libshutdown2.o)
    0x000002f6   0x00000000   Code   RO          195    .ARM.Collect$$libshutdown$$00000006  c_w.l(libshutdown2.o)
    0x000002f6   0x00000000   Code   RO          198    .ARM.Collect$$libshutdown$$00000009  c_w.l(libshutdown2.o)
    0x000002f6   0x00000000   Code   RO          200    .ARM.Collect$$libshutdown$$0000000B  c_w.l(libshutdown2.o)
    0x000002f6   0x00000000   Code   RO          203    .ARM.Collect$$libshutdown$$0000000E  c_w.l(libshutdown2.o)
    0x000002f6   0x00000002   Code   RO          204    .ARM.Collect$$libshutdown$$0000000F  c_w.l(libshutdown2.o)
    0x000002f8   0x00000000   Code   RO           78    .ARM.Collect$$rtentry$$00000000  c_w.l(rtentry.o)
    0x000002f8   0x00000000   Code   RO           87    .ARM.Collect$$rtentry$$00000002  c_w.l(rtentry2.o)
    0x000002f8   0x00000006   Code   RO           99    .ARM.Collect$$rtentry$$00000004  c_w.l(rtentry4.o)
    0x000002fe   0x00000000   Code   RO           89    .ARM.Collect$$rtentry$$00000009  c_w.l(rtentry2.o)
    0x000002fe   0x00000004   Code   RO           90    .ARM.Collect$$rtentry$$0000000A  c_w.l(rtentry2.o)
    0x00000302   0x00000000   Code   RO           92    .ARM.Collect$$rtentry$$0000000C  c_w.l(rtentry2.o)
    0x00000302   0x00000008   Code   RO           93    .ARM.Collect$$rtentry$$0000000D  c_w.l(rtentry2.o)
    0x0000030a   0x00000002   Code   RO          114    .ARM.Collect$$rtexit$$00000000  c_w.l(rtexit.o)
    0x0000030c   0x00000000   Code   RO          160    .ARM.Collect$$rtexit$$00000002  c_w.l(rtexit2.o)
    0x0000030c   0x00000004   Code   RO          161    .ARM.Collect$$rtexit$$00000003  c_w.l(rtexit2.o)
    0x00000310   0x00000006   Code   RO          162    .ARM.Collect$$rtexit$$00000004  c_w.l(rtexit2.o)
    0x00000316   0x00000002   PAD
    0x00000318   0x0000019c   Code   RO            1    .text               lab1.o
    0x000004b4   0x0000007c   Code   RO           31    .text               pll.o
    0x00000530   0x00000030   Code   RO           46    .text               startup.o
    0x00000560   0x0000008c   Code   RO           53    .text               assemblytests.o
    0x000005ec   0x00000006   Code   RO           58    .text               c_w.l(heapauxi.o)
    0x000005f2   0x0000004a   Code   RO          101    .text               c_w.l(sys_stackheap_outer.o)
    0x0000063c   0x0000000c   Code   RO          103    .text               c_w.l(exit.o)
    0x00000648   0x00000008   Code   RO          111    .text               c_w.l(libspace.o)
    0x00000650   0x0000000c   Code   RO          170    .text               c_w.l(sys_exit.o)
    0x0000065c   0x00000002   Code   RO          181    .text               c_w.l(use_no_semi.o)
    0x0000065e   0x00000000   Code   RO          183    .text               c_w.l(indicate_semi.o)
    0x0000065e   0x00000002   PAD
    0x00000660   0x00000062   Code   RO           62    x$fpl$d2f           fz_wm.l(d2f.o)
    0x000006c2   0x00000002   PAD
    0x000006c4   0x00000150   Code   RO           64    x$fpl$dadd          fz_wm.l(daddsub_clz.o)
    0x00000814   0x00000026   Code   RO           70    x$fpl$dfltu         fz_wm.l(dflt_clz.o)
    0x0000083a   0x00000002   PAD
    0x0000083c   0x00000154   Code   RO           76    x$fpl$dmul          fz_wm.l(dmul.o)
    0x00000990   0x0000009c   Code   RO           79    x$fpl$dnaninf       fz_wm.l(dnaninf.o)
    0x00000a2c   0x0000000c   Code   RO           81    x$fpl$dretinf       fz_wm.l(dretinf.o)
    0x00000a38   0x000001d4   Code   RO           66    x$fpl$dsub          fz_wm.l(daddsub_clz.o)
    0x00000c0c   0x0000000a   Code   RO          168    x$fpl$fpinit        fz_wm.l(fpinit.o)
    0x00000c16   0x0000000a   Code   RO           83    x$fpl$fretinf       fz_wm.l(fretinf.o)
    0x00000c20   0x00000000   Code   RO           85    x$fpl$usenofp       fz_wm.l(usenofp.o)
    0x00000c20   0x00000010   Data   RO          235    Region$$Table       anon$$obj.o


    Execution Region ER_RW (Base: 0x20000000, Size: 0x00000000, Max: 0xffffffff, ABSOLUTE)

    **** No section assigned to this execution region ****


    Execution Region ER_ZI (Base: 0x20000000, Size: 0x00000460, Max: 0xffffffff, ABSOLUTE)

    Base Addr    Size         Type   Attr      Idx    E Section Name        Object

    0x20000000   0x00000060   Zero   RW          112    .bss                c_w.l(libspace.o)
    0x20000060   0x00000000   Zero   RW           44    HEAP                startup.o
    0x20000060   0x00000400   Zero   RW           43    STACK               startup.o


==============================================================================

Image component sizes


      Code (inc. data)   RO Data    RW Data    ZI Data      Debug   Object Name

       140         38          0          0          0        240   assemblytests.o
       412         42          0          0          0       6298   lab1.o
       124          6          0          0          0        427   pll.o
       708        632          0          0       1024        952   startup.o

    ----------------------------------------------------------------------
      1384        718         16          0       1024       7917   Object Totals
         0          0         16          0          0          0   (incl. Generated)
         0          0          0          0          0          0   (incl. Padding)

    ----------------------------------------------------------------------

      Code (inc. data)   RO Data    RW Data    ZI Data      Debug   Library Member Name

         8          0          0          0          0         68   __main.o
        52          8          0          0          0          0   __scatter.o
        28          0          0          0          0          0   __scatter_zi.o
        12          0          0          0          0         72   exit.o
         6          0          0          0          0        152   heapauxi.o
         0          0          0          0          0          0   indicate_semi.o
         2          0          0          0          0          0   libinit.o
         6          0          0          0          0          0   libinit2.o
         2          0          0          0          0          0   libshutdown.o
         2          0          0          0          0          0   libshutdown2.o
         8          4          0          0         96         68   libspace.o
         0          0          0          0          0          0   rtentry.o
        12          0          0          0          0          0   rtentry2.o
         6          0          0          0          0          0   rtentry4.o
         2          0          0          0          0          0   rtexit.o
        10          0          0          0          0          0   rtexit2.o
        12          4          0          0          0         68   sys_exit.o
        74          0          0          0          0         80   sys_stackheap_outer.o
         2          0          0          0          0         68   use_no_semi.o
        98          4          0          0          0        140   d2f.o
       804         16          0          0          0        368   daddsub_clz.o
        38          0          0          0          0        116   dflt_clz.o
       340         12          0          0          0        152   dmul.o
       156          4          0          0          0        140   dnaninf.o
        12          0          0          0          0        116   dretinf.o
        10          0          0          0          0        116   fpinit.o
        10          0          0          0          0        116   fretinf.o
         0          0          0          0          0          0   usenofp.o

    ----------------------------------------------------------------------
      1720         52          0          0         96       1840   Library Totals
         8          0          0          0          0          0   (incl. Padding)

    ----------------------------------------------------------------------

      Code (inc. data)   RO Data    RW Data    ZI Data      Debug   Library Name

       244         16          0          0         96        576   c_w.l
      1468         36          0          0          0       1264   fz_wm.l

    ----------------------------------------------------------------------
      1720         52          0          0         96       1840   Library Totals

    ----------------------------------------------------------------------

==============================================================================


      Code (inc. data)   RO Data    RW Data    ZI Data      Debug   

      3104        770         16          0       1120       8497   Grand Totals
      3104        770         16          0       1120       8497   ELF Image Totals
      3104        770         16          0          0          0   ROM Totals

==============================================================================

    Total RO  Size (Code + RO Data)                 3120 (   3.05kB)
    Total RW  Size (RW Data + ZI Data)              1120 (   1.09kB)
    Total ROM Size (Code + RO Data + RW Data)       3120 (   3.05kB)

==============================================================================

