<html>
<body>
<pre>
<h1>µVision Build Log</h1>
<h2>Project:</h2>
C:\Users\daniel\Documents\EE445L\EE445L\Lab3\Lab3.uvproj
Project File Date:  02/07/2018

<h2>Output:</h2>
Build target 'ADCSWTrigger'
compiling main.c...
linking...
Program Size: Code=6480 RO-data=4044 RW-data=260 ZI-data=1132  
".\ADCSWTrigger.axf" - 0 Error(s), 0 Warning(s).
Load "C:\\Users\\daniel\\Documents\\EE445L\\EE445L\\Lab3\\ADCSWTrigger.axf" 
Connecting: Mode=JTAG, Speed=1000000Hz
Erase Done.
Programming Done.
Verify OK.
ng Done.
Verify OK.
  Target DLL has been cancelled
Load "C:\\Users\\daniel\\Documents\\EE445L\\EE445L\\Lab3\\ADCSWTrigger.axf" 
Connecting: Mode=JTAG, Speed=1000000Hz
Erase Done.
Programming Done.
Verify OK.

  static uint32_t wasPushedMinute=0;
switches.c: 4 warnings, 0 errors
compiling clock.c...
linking...
Program Size: Code=6240 RO-data=4044 RW-data=272 ZI-data=1136  
".\ADCSWTrigger.axf" - 0 Error(s), 4 Warning(s).
